MPLINK 4.45, Linker
Linker Map File - Created Mon Oct 26 11:12:51 2015

                                 Section Info
                  Section       Type    Address   Location Size(Bytes)
                ---------  ---------  ---------  ---------  ---------
               _entry_scn       code   0x000000    program   0x000006
    HIGH_INTERRUPT_VECTOR       code   0x000008    program   0x000006
     LOW_INTERRUPT_VECTOR       code   0x000018    program   0x000006
    REMAPPED_RESET_VECTOR       code   0x001000    program   0x000006
           .code___init.o       code   0x001006    program   0x000002
REMAPPED_HIGH_INTERRUPT_VECTOR       code   0x001008    program   0x000006
       .romdata_t0write.o    romdata   0x00100e    program   0x000000
       .idata_t0write.o_i    romdata   0x00100e    program   0x000000
        .romdata_t1open.o    romdata   0x00100e    program   0x000000
        .idata_t1open.o_i    romdata   0x00100e    program   0x000000
        .romdata_t0open.o    romdata   0x00100e    program   0x000000
        .idata_t0open.o_i    romdata   0x00100e    program   0x000000
        .romdata_eeprom.o    romdata   0x00100e    program   0x000000
        .idata_eeprom.o_i    romdata   0x00100e    program   0x000000
.romdata_usb_function_hid.o    romdata   0x00100e    program   0x000000
.idata_usb_function_hid.o_i    romdata   0x00100e    program   0x000000
    .romdata_usb_device.o    romdata   0x00100e    program   0x000000
    .idata_usb_device.o_i    romdata   0x00100e    program   0x000000
             .stringtable    romdata   0x00100e    program   0x000000
       .idata_t1write.o_i    romdata   0x00100e    program   0x000000
       .romdata_t1write.o    romdata   0x00100e    program   0x000000
        .idata___init.o_i    romdata   0x00100e    program   0x000000
  .code_usb_descriptors.o       code   0x00100e    program   0x000000
        .romdata___init.o    romdata   0x00100e    program   0x000000
.idata_usb_descriptors.o_i    romdata   0x00100e    program   0x000000
            .code_c018i.o       code   0x00100e    program   0x000000
         .romdata_c018i.o    romdata   0x00100e    program   0x000000
         .idata_c018i.o_i    romdata   0x00100e    program   0x000000
REMAPPED_LOW_INTERRUPT_VECTOR       code   0x001018    program   0x000006
                   .cinit    romdata   0x00101e    program   0x00000e
             .code_main.o       code   0x00102c    program   0x001798
       .code_usb_device.o       code   0x0027c4    program   0x00107c
           .code_eeprom.o       code   0x003840    program   0x0001e4
.romdata_usb_descriptors.o    romdata   0x003a24    program   0x0001a0
 .code_usb_function_hid.o       code   0x003bc4    program   0x000122
               _cinit_scn       code   0x003ce6    program   0x00009e
                   STRING       code   0x003d84    program   0x000050
           .code_t1open.o       code   0x003dd4    program   0x000042
          .code_t1write.o       code   0x003e16    program   0x000038
          .code_t0write.o       code   0x003e4e    program   0x000038
           .code_t0open.o       code   0x003e86    program   0x000038
          .romdata_main.o    romdata   0x003ebe    program   0x000030
                    .code       code   0x003eee    program   0x000020
             _startup_scn       code   0x003f0e    program   0x00001c
          .idata_main.o_i    romdata   0x003f2a    program   0x000097
    .config_300000_main.o    romdata   0x300000    program   0x000001
    .config_300001_main.o    romdata   0x300001    program   0x000001
    .config_300002_main.o    romdata   0x300002    program   0x000001
    .config_300003_main.o    romdata   0x300003    program   0x000001
    .config_300005_main.o    romdata   0x300005    program   0x000001
    .config_300006_main.o    romdata   0x300006    program   0x000001
    .config_300008_main.o    romdata   0x300008    program   0x000001
    .config_300009_main.o    romdata   0x300009    program   0x000001
    .config_30000a_main.o    romdata   0x30000a    program   0x000001
    .config_30000b_main.o    romdata   0x30000b    program   0x000001
    .config_30000c_main.o    romdata   0x30000c    program   0x000001
    .config_30000d_main.o    romdata   0x30000d    program   0x000001
                MATH_DATA      udata   0x000000       data   0x00000b
                 .tmpdata      udata   0x00000b       data   0x000005
            .idata_main.o      idata   0x000060       data   0x000097
.udata_usb_function_hid.o      udata   0x0000f7       data   0x000002
          .idata___init.o      idata   0x0000f9       data   0x000000
          .udata___init.o      udata   0x0000f9       data   0x000000
         .idata_t1write.o      idata   0x0000f9       data   0x000000
         .udata_t1write.o      udata   0x0000f9       data   0x000000
         .idata_t0write.o      idata   0x0000f9       data   0x000000
         .udata_t0write.o      udata   0x0000f9       data   0x000000
          .idata_t1open.o      idata   0x0000f9       data   0x000000
          .udata_t1open.o      udata   0x0000f9       data   0x000000
          .idata_t0open.o      idata   0x0000f9       data   0x000000
          .udata_t0open.o      udata   0x0000f9       data   0x000000
          .idata_eeprom.o      idata   0x0000f9       data   0x000000
          .udata_eeprom.o      udata   0x0000f9       data   0x000000
.idata_usb_function_hid.o      idata   0x0000f9       data   0x000000
      .idata_usb_device.o      idata   0x0000f9       data   0x000000
 .idata_usb_descriptors.o      idata   0x0000f9       data   0x000000
 .udata_usb_descriptors.o      udata   0x0000f9       data   0x000000
           .idata_c018i.o      idata   0x0000f9       data   0x000000
                   .stack      udata   0x000100       data   0x000080
      .udata_usb_device.o      udata   0x000180       data   0x00003e
            .udata_main.o      udata   0x0001be       data   0x000017
           .udata_c018i.o      udata   0x0001d5       data   0x00000a
                  USB_BDT      udata   0x000200       data   0x000069
                  usbram2      udata   0x000269       data   0x00008d
              SFR_BANKED0      udata   0x000f53       data   0x00000d
            SFR_UNBANKED0      udata   0x000f60       data   0x0000a0



                              Program Memory Usage 
                               Start         End      
                           ---------   ---------      
                            0x000000    0x000005      
                            0x000008    0x00000d      
                            0x000018    0x00001d      
                            0x001000    0x00100d      
                            0x001018    0x003fc0      
                            0x300000    0x300003      
                            0x300005    0x300006      
                            0x300008    0x30000d      
            12245 out of 16408 program addresses used, program memory utilization is 74%



                              Symbols - Sorted by Name
                     Name    Address   Location    Storage File                     
                ---------  ---------  ---------  --------- ---------                
                 High_ISR   0x000008    program     extern C:\Users\Shinozaki\work\HorizontalControllerEX\FW_HoriConEX_v006\main.c
         InitializeSystem   0x0011e4    program     static C:\Users\Shinozaki\work\HorizontalControllerEX\FW_HoriConEX_v006\main.c
                  Low_ISR   0x000018    program     extern C:\Users\Shinozaki\work\HorizontalControllerEX\FW_HoriConEX_v006\main.c
                 Mode_Set   0x002664    program     extern C:\Users\Shinozaki\work\HorizontalControllerEX\FW_HoriConEX_v006\main.c
               OpenTimer0   0x003e86    program     extern E:\3.44\pic18-lt\cxx-framework\src\pmc_common\Timers\t0open.c
               OpenTimer1   0x003dd4    program     extern E:\3.44\pic18-lt\cxx-framework\src\pmc_common\Timers\t1open.c
                ProcessIO   0x0015a8    program     extern C:\Users\Shinozaki\work\HorizontalControllerEX\FW_HoriConEX_v006\main.c
               ReadEEPROM   0x003840    program     extern C:\Users\Shinozaki\work\HorizontalControllerEX\FW_HoriConEX_v006\eeprom.c
         ReadEEPROM_Agree   0x00389c    program     extern C:\Users\Shinozaki\work\HorizontalControllerEX\FW_HoriConEX_v006\eeprom.c
        Remapped_High_ISR   0x001008    program     extern C:\Users\Shinozaki\work\HorizontalControllerEX\FW_HoriConEX_v006\main.c
         Remapped_Low_ISR   0x001018    program     extern C:\Users\Shinozaki\work\HorizontalControllerEX\FW_HoriConEX_v006\main.c
             Switch_Input   0x00249e    program     extern C:\Users\Shinozaki\work\HorizontalControllerEX\FW_HoriConEX_v006\main.c
       USBCBCheckOtherReq   0x0026ca    program     extern C:\Users\Shinozaki\work\HorizontalControllerEX\FW_HoriConEX_v006\main.c
        USBCBErrorHandler   0x0026c8    program     extern C:\Users\Shinozaki\work\HorizontalControllerEX\FW_HoriConEX_v006\main.c
              USBCBInitEP   0x0026d0    program     extern C:\Users\Shinozaki\work\HorizontalControllerEX\FW_HoriConEX_v006\main.c
          USBCBSendResume   0x002712    program     extern C:\Users\Shinozaki\work\HorizontalControllerEX\FW_HoriConEX_v006\main.c
    USBCBStdSetDscHandler   0x0026ce    program     extern C:\Users\Shinozaki\work\HorizontalControllerEX\FW_HoriConEX_v006\main.c
             USBCBSuspend   0x0026c2    program     extern C:\Users\Shinozaki\work\HorizontalControllerEX\FW_HoriConEX_v006\main.c
     USBCBWakeFromSuspend   0x0026c4    program     extern C:\Users\Shinozaki\work\HorizontalControllerEX\FW_HoriConEX_v006\main.c
        USBCB_SOF_Handler   0x0026c6    program     extern C:\Users\Shinozaki\work\HorizontalControllerEX\FW_HoriConEX_v006\main.c
              USBCancelIO   0x003790    program     extern C:\Users\Shinozaki\work\HorizontalControllerEX\FW_HoriConEX_v006\Microchip\USB\usb_device.c
       USBCheckHIDRequest   0x003bc4    program     extern C:\Users\Shinozaki\work\HorizontalControllerEX\FW_HoriConEX_v006\Microchip\USB\HID Device Driver\usb_function_hid.c
       USBCheckStdRequest   0x002cb6    program     extern C:\Users\Shinozaki\work\HorizontalControllerEX\FW_HoriConEX_v006\Microchip\USB\usb_device.c
     USBConfigureEndpoint   0x0034a0    program     extern C:\Users\Shinozaki\work\HorizontalControllerEX\FW_HoriConEX_v006\Microchip\USB\usb_device.c
         USBCtrlEPService   0x002a4c    program     extern C:\Users\Shinozaki\work\HorizontalControllerEX\FW_HoriConEX_v006\Microchip\USB\usb_device.c
 USBCtrlEPServiceComplete   0x002fe0    program     extern C:\Users\Shinozaki\work\HorizontalControllerEX\FW_HoriConEX_v006\Microchip\USB\usb_device.c
      USBCtrlTrfInHandler   0x002bb8    program     extern C:\Users\Shinozaki\work\HorizontalControllerEX\FW_HoriConEX_v006\Microchip\USB\usb_device.c
     USBCtrlTrfOutHandler   0x002b6c    program     extern C:\Users\Shinozaki\work\HorizontalControllerEX\FW_HoriConEX_v006\Microchip\USB\usb_device.c
      USBCtrlTrfRxService   0x003296    program     extern C:\Users\Shinozaki\work\HorizontalControllerEX\FW_HoriConEX_v006\Microchip\USB\usb_device.c
   USBCtrlTrfSetupHandler   0x002b26    program     extern C:\Users\Shinozaki\work\HorizontalControllerEX\FW_HoriConEX_v006\Microchip\USB\usb_device.c
      USBCtrlTrfTxService   0x003184    program     extern C:\Users\Shinozaki\work\HorizontalControllerEX\FW_HoriConEX_v006\Microchip\USB\usb_device.c
            USBDeviceInit   0x0027c4    program     extern C:\Users\Shinozaki\work\HorizontalControllerEX\FW_HoriConEX_v006\Microchip\USB\usb_device.c
           USBDeviceTasks   0x002864    program     extern C:\Users\Shinozaki\work\HorizontalControllerEX\FW_HoriConEX_v006\Microchip\USB\usb_device.c
        USBEnableEndpoint   0x00356a    program     extern C:\Users\Shinozaki\work\HorizontalControllerEX\FW_HoriConEX_v006\Microchip\USB\usb_device.c
USBPrepareForNextSetupTrf   0x002c52    program     extern C:\Users\Shinozaki\work\HorizontalControllerEX\FW_HoriConEX_v006\Microchip\USB\usb_device.c
         USBStallEndpoint   0x0035d6    program     extern C:\Users\Shinozaki\work\HorizontalControllerEX\FW_HoriConEX_v006\Microchip\USB\usb_device.c
          USBStallHandler   0x0029ca    program     extern C:\Users\Shinozaki\work\HorizontalControllerEX\FW_HoriConEX_v006\Microchip\USB\usb_device.c
  USBStdFeatureReqHandler   0x002d74    program     extern C:\Users\Shinozaki\work\HorizontalControllerEX\FW_HoriConEX_v006\Microchip\USB\usb_device.c
      USBStdGetDscHandler   0x002e7e    program     extern C:\Users\Shinozaki\work\HorizontalControllerEX\FW_HoriConEX_v006\Microchip\USB\usb_device.c
   USBStdGetStatusHandler   0x002f2c    program     extern C:\Users\Shinozaki\work\HorizontalControllerEX\FW_HoriConEX_v006\Microchip\USB\usb_device.c
      USBStdSetCfgHandler   0x0033d0    program     extern C:\Users\Shinozaki\work\HorizontalControllerEX\FW_HoriConEX_v006\Microchip\USB\usb_device.c
               USBSuspend   0x0029fe    program     extern C:\Users\Shinozaki\work\HorizontalControllerEX\FW_HoriConEX_v006\Microchip\USB\usb_device.c
     USBTransferOnePacket   0x0036b2    program     extern C:\Users\Shinozaki\work\HorizontalControllerEX\FW_HoriConEX_v006\Microchip\USB\usb_device.c
       USBWakeFromSuspend   0x002a22    program     extern C:\Users\Shinozaki\work\HorizontalControllerEX\FW_HoriConEX_v006\Microchip\USB\usb_device.c
               USB_CD_Ptr   0x003bbc    program     extern C:\Users\Shinozaki\work\HorizontalControllerEX\FW_HoriConEX_v006\usb_descriptors.c
               USB_SD_Ptr   0x003bbe    program     extern C:\Users\Shinozaki\work\HorizontalControllerEX\FW_HoriConEX_v006\usb_descriptors.c
USER_USB_CALLBACK_EVENT_HANDLER   0x00272e    program     extern C:\Users\Shinozaki\work\HorizontalControllerEX\FW_HoriConEX_v006\main.c
                 UserInit   0x0011ee    program     extern C:\Users\Shinozaki\work\HorizontalControllerEX\FW_HoriConEX_v006\main.c
              WriteEEPROM   0x00385c    program     extern C:\Users\Shinozaki\work\HorizontalControllerEX\FW_HoriConEX_v006\eeprom.c
        WriteEEPROM_Agree   0x0039a8    program     extern C:\Users\Shinozaki\work\HorizontalControllerEX\FW_HoriConEX_v006\eeprom.c
              WriteTimer0   0x003e4e    program     extern E:\3.44\pic18-lt\cxx-framework\src\pmc_common\Timers\t0write.c
              WriteTimer1   0x003e16    program     extern E:\3.44\pic18-lt\cxx-framework\src\pmc_common\Timers\t1write.c
  YourHighPriorityISRCode   0x00102c    program     extern C:\Users\Shinozaki\work\HorizontalControllerEX\FW_HoriConEX_v006\main.c
   YourLowPriorityISRCode   0x00103a    program     extern C:\Users\Shinozaki\work\HorizontalControllerEX\FW_HoriConEX_v006\main.c
              _2jContinue   0x003da4    program     static E:\3.44\pic18-lt\cxx-framework\src\traditional\stdclib\memset.asm
                   _3jEnd   0x003dae    program     static E:\3.44\pic18-lt\cxx-framework\src\traditional\stdclib\memset.asm
           ___?:_lbl00073   0x00161c    program     static                          
           ___?:_lbl00074   0x00161a    program     static                          
           ___?:_lbl00075   0x00161c    program     static                          
           ___?:_lbl00076   0x00160e    program     static                          
           ___?:_lbl00077   0x00161c    program     static                          
           ___?:_lbl00078   0x001604    program     static                          
           ___?:_lbl00080   0x001648    program     static                          
           ___?:_lbl00081   0x001646    program     static                          
           ___?:_lbl00082   0x001648    program     static                          
           ___?:_lbl00083   0x00163a    program     static                          
           ___?:_lbl00084   0x001648    program     static                          
           ___?:_lbl00085   0x001630    program     static                          
           ___?:_lbl00087   0x001674    program     static                          
           ___?:_lbl00088   0x001672    program     static                          
           ___?:_lbl00089   0x001674    program     static                          
           ___?:_lbl00090   0x001666    program     static                          
           ___?:_lbl00091   0x001674    program     static                          
           ___?:_lbl00092   0x00165c    program     static                          
           ___?:_lbl00094   0x0016a0    program     static                          
           ___?:_lbl00095   0x00169e    program     static                          
           ___?:_lbl00096   0x0016a0    program     static                          
           ___?:_lbl00097   0x001692    program     static                          
           ___?:_lbl00098   0x0016a0    program     static                          
           ___?:_lbl00099   0x001688    program     static                          
           ___?:_lbl00154   0x001c92    program     static                          
           ___?:_lbl00155   0x001c82    program     static                          
           ___?:_lbl00168   0x001d7a    program     static                          
           ___?:_lbl00169   0x001d6a    program     static                          
           ___?:_lbl00175   0x001e0a    program     static                          
           ___?:_lbl00176   0x001dfa    program     static                          
           ___?:_lbl00179   0x001e66    program     static                          
           ___?:_lbl00180   0x001e56    program     static                          
           ___?:_lbl00210   0x001fee    program     static                          
           ___?:_lbl00211   0x001fde    program     static                          
           ___?:_lbl00224   0x00213c    program     static                          
           ___?:_lbl00225   0x00212c    program     static                          
           ___?:_lbl00231   0x0021be    program     static                          
           ___?:_lbl00232   0x0021ae    program     static                          
           ___?:_lbl00241   0x00227e    program     static                          
           ___?:_lbl00242   0x00226e    program     static                          
           ___?:_lbl00245   0x00230e    program     static                          
           ___?:_lbl00246   0x0022fe    program     static                          
           ___?:_lbl00252   0x0023cc    program     static                          
           ___?:_lbl00253   0x0023bc    program     static                          
           ___?:_lbl00256   0x002436    program     static                          
           ___?:_lbl00257   0x002426    program     static                          
       ___case_0_lbl00079   0x0015fa    program     static                          
       ___case_0_lbl00148   0x001c40    program     static                          
      ___case_10_lbl00146   0x001c12    program     static                          
     ___case_114_lbl00306   0x0027b2    program     static                          
     ___case_115_lbl00302   0x0027a2    program     static                          
     ___case_116_lbl00304   0x0027aa    program     static                          
     ___case_117_lbl00303   0x0027a6    program     static                          
     ___case_128_lbl00213   0x00201c    program     static                          
     ___case_129_lbl00227   0x00216a    program     static                          
       ___case_1_lbl00086   0x001626    program     static                          
       ___case_1_lbl00119   0x001888    program     static                          
       ___case_1_lbl00299   0x002796    program     static                          
       ___case_2_lbl00093   0x001652    program     static                          
       ___case_2_lbl00120   0x001896    program     static                          
       ___case_2_lbl00300   0x00279a    program     static                          
   ___case_32767_lbl00305   0x0027ae    program     static                          
       ___case_3_lbl00100   0x00167e    program     static                          
       ___case_3_lbl00121   0x0018a4    program     static                          
       ___case_3_lbl00301   0x00279e    program     static                          
       ___case_4_lbl00122   0x0018b2    program     static                          
      ___case_55_lbl00234   0x0021ec    program     static                          
       ___case_5_lbl00123   0x0018c6    program     static                          
      ___case_64_lbl00244   0x0022ac    program     static                          
      ___case_65_lbl00248   0x00233c    program     static                          
       ___case_6_lbl00124   0x001912    program     static                          
      ___case_79_lbl00255   0x0023fa    program     static                          
       ___case_7_lbl00125   0x00193c    program     static                          
      ___case_85_lbl00202   0x001e9e    program     static                          
      ___case_86_lbl00203   0x001f3e    program     static                          
       ___case_8_lbl00142   0x001bb6    program     static                          
       ___case_9_lbl00144   0x001be4    program     static                          
      ___default_lbl00101   0x0016aa    program     static                          
      ___default_lbl00147   0x001c40    program     static                          
      ___default_lbl00307   0x0027b6    program     static                          
         ___else_lbl00105   0x00177a    program     static                          
         ___else_lbl00109   0x00172c    program     static                          
         ___else_lbl00129   0x0019d2    program     static                          
         ___else_lbl00134   0x001a96    program     static                          
         ___else_lbl00139   0x001b5a    program     static                          
         ___else_lbl00150   0x001c44    program     static                          
         ___else_lbl00159   0x001cd6    program     static                          
         ___else_lbl00161   0x001cbe    program     static                          
         ___else_lbl00209   0x001fce    program     static                          
         ___else_lbl00223   0x00211c    program     static                          
          ___for_lbl00114   0x001c52    program     static                          
          ___for_lbl00115   0x001c56    program     static                          
          ___for_lbl00151   0x0017fa    program     static                          
          ___for_lbl00163   0x001d26    program     static                          
          ___for_lbl00164   0x001d2a    program     static                          
          ___for_lbl00165   0x001cf0    program     static                          
          ___for_lbl00170   0x001db6    program     static                          
          ___for_lbl00171   0x001dba    program     static                          
          ___for_lbl00172   0x001d80    program     static                          
          ___for_lbl00195   0x001f36    program     static                          
          ___for_lbl00196   0x001f3a    program     static                          
          ___for_lbl00199   0x001f22    program     static                          
          ___for_lbl00205   0x001fba    program     static                          
          ___for_lbl00206   0x001fbe    program     static                          
          ___for_lbl00207   0x001f90    program     static                          
          ___for_lbl00216   0x002112    program     static                          
          ___for_lbl00217   0x002116    program     static                          
          ___for_lbl00218   0x00210c    program     static                          
          ___for_lbl00219   0x002112    program     static                          
          ___for_lbl00220   0x00204e    program     static                          
          ___for_lbl00221   0x002042    program     static                          
          ___for_lbl00228   0x00219a    program     static                          
          ___for_lbl00229   0x00219e    program     static                          
          ___for_lbl00230   0x002172    program     static                          
          ___for_lbl00235   0x00225e    program     static                          
          ___for_lbl00236   0x002262    program     static                          
          ___for_lbl00237   0x002258    program     static                          
          ___for_lbl00238   0x00225e    program     static                          
          ___for_lbl00239   0x0021fe    program     static                          
          ___for_lbl00240   0x0021f4    program     static                          
          ___for_lbl00249   0x0023ac    program     static                          
          ___for_lbl00250   0x0023b0    program     static                          
          ___for_lbl00251   0x002384    program     static                          
           ___if_lbl00102   0x00170c    program     static                          
           ___if_lbl00103   0x00172a    program     static                          
           ___if_lbl00104   0x00177e    program     static                          
           ___if_lbl00106   0x00179c    program     static                          
           ___if_lbl00107   0x00179c    program     static                          
           ___if_lbl00108   0x00179c    program     static                          
           ___if_lbl00113   0x0017f6    program     static                          
           ___if_lbl00117   0x00182a    program     static                          
           ___if_lbl00126   0x001a26    program     static                          
           ___if_lbl00127   0x001a26    program     static                          
           ___if_lbl00128   0x001a26    program     static                          
           ___if_lbl00130   0x001a26    program     static                          
           ___if_lbl00131   0x001aea    program     static                          
           ___if_lbl00132   0x001aea    program     static                          
           ___if_lbl00133   0x001aea    program     static                          
           ___if_lbl00135   0x001aea    program     static                          
           ___if_lbl00136   0x001bae    program     static                          
           ___if_lbl00137   0x001bae    program     static                          
           ___if_lbl00138   0x001bae    program     static                          
           ___if_lbl00140   0x001bae    program     static                          
           ___if_lbl00141   0x001be2    program     static                          
           ___if_lbl00143   0x001c10    program     static                          
           ___if_lbl00145   0x001c3e    program     static                          
           ___if_lbl00149   0x001c52    program     static                          
           ___if_lbl00153   0x001c76    program     static                          
           ___if_lbl00156   0x001cd4    program     static                          
           ___if_lbl00157   0x001cee    program     static                          
           ___if_lbl00158   0x001cee    program     static                          
           ___if_lbl00160   0x001cee    program     static                          
           ___if_lbl00162   0x001cee    program     static                          
           ___if_lbl00166   0x001d5e    program     static                          
           ___if_lbl00167   0x001d5e    program     static                          
           ___if_lbl00173   0x001dee    program     static                          
           ___if_lbl00174   0x001dee    program     static                          
           ___if_lbl00177   0x001e4a    program     static                          
           ___if_lbl00178   0x001e4a    program     static                          
           ___if_lbl00200   0x001f3c    program     static                          
           ___if_lbl00201   0x001f3c    program     static                          
           ___if_lbl00208   0x001fd2    program     static                          
           ___if_lbl00212   0x00201a    program     static                          
           ___if_lbl00222   0x002120    program     static                          
           ___if_lbl00226   0x002168    program     static                          
           ___if_lbl00233   0x0021ea    program     static                          
           ___if_lbl00243   0x0022aa    program     static                          
           ___if_lbl00247   0x00233a    program     static                          
           ___if_lbl00254   0x0023f8    program     static                          
           ___if_lbl00258   0x002462    program     static                          
           ___if_lbl00259   0x00248a    program     static                          
       ___return_lbl00000   0x000004    program     static                          
       ___return_lbl00000   0x001004    program     static                          
       ___return_lbl00001   0x003f28    program     static                          
       ___return_lbl00001   0x00100c    program     static                          
       ___return_lbl00002   0x003d82    program     static                          
       ___return_lbl00002   0x00101c    program     static                          
       ___return_lbl00003   0x00000c    program     static                          
       ___return_lbl00004   0x00001c    program     static                          
       ___return_lbl00071   0x00248a    program     static                          
       ___return_lbl00297   0x0027bc    program     static                          
   ___switchexit_lbl00072   0x0016ac    program     static                          
   ___switchexit_lbl00118   0x001c42    program     static                          
   ___switchexit_lbl00181   0x002464    program     static                          
   ___switchexit_lbl00298   0x0027b8    program     static                          
        ___while_lbl00110   0x00179c    program     static                          
        ___while_lbl00111   0x0017f8    program     static                          
        ___while_lbl00197   0x001f2a    program     static                          
        ___while_lbl00198   0x001f36    program     static                          
               __config_0   0x300000    program     static C:\Users\Shinozaki\work\HorizontalControllerEX\FW_HoriConEX_v006\main.c
               __config_1   0x300001    program     static C:\Users\Shinozaki\work\HorizontalControllerEX\FW_HoriConEX_v006\main.c
              __config_10   0x30000c    program     static C:\Users\Shinozaki\work\HorizontalControllerEX\FW_HoriConEX_v006\main.c
              __config_11   0x30000d    program     static C:\Users\Shinozaki\work\HorizontalControllerEX\FW_HoriConEX_v006\main.c
               __config_2   0x300002    program     static C:\Users\Shinozaki\work\HorizontalControllerEX\FW_HoriConEX_v006\main.c
               __config_3   0x300003    program     static C:\Users\Shinozaki\work\HorizontalControllerEX\FW_HoriConEX_v006\main.c
               __config_4   0x300005    program     static C:\Users\Shinozaki\work\HorizontalControllerEX\FW_HoriConEX_v006\main.c
               __config_5   0x300006    program     static C:\Users\Shinozaki\work\HorizontalControllerEX\FW_HoriConEX_v006\main.c
               __config_6   0x300008    program     static C:\Users\Shinozaki\work\HorizontalControllerEX\FW_HoriConEX_v006\main.c
               __config_7   0x300009    program     static C:\Users\Shinozaki\work\HorizontalControllerEX\FW_HoriConEX_v006\main.c
               __config_8   0x30000a    program     static C:\Users\Shinozaki\work\HorizontalControllerEX\FW_HoriConEX_v006\main.c
               __config_9   0x30000b    program     static C:\Users\Shinozaki\work\HorizontalControllerEX\FW_HoriConEX_v006\main.c
                   __init   0x001006    program     extern E:\3.44\pic18-lt\cxx-framework\src\traditional\stdclib\__init.c
              __tmplbl_10   0x001efc    program     static                          
              __tmplbl_11   0x001ef4    program     static                          
              __tmplbl_12   0x001eec    program     static                          
              __tmplbl_13   0x001ee6    program     static                          
              __tmplbl_14   0x001ede    program     static                          
              __tmplbl_15   0x001ed6    program     static                          
              __tmplbl_16   0x001ece    program     static                          
              __tmplbl_17   0x001ec6    program     static                          
              __tmplbl_18   0x001ebe    program     static                          
              __tmplbl_19   0x001eb6    program     static                          
               __tmplbl_2   0x0017ac    program     static                          
              __tmplbl_20   0x001eae    program     static                          
              __tmplbl_21   0x001ea6    program     static                          
              __tmplbl_22   0x001f8e    program     static                          
              __tmplbl_23   0x001f72    program     static                          
              __tmplbl_24   0x002040    program     static                          
              __tmplbl_25   0x002038    program     static                          
              __tmplbl_26   0x00202c    program     static                          
               __tmplbl_3   0x0017a6    program     static                          
              __tmplbl_37   0x00274a    program     static                          
              __tmplbl_38   0x002756    program     static                          
              __tmplbl_39   0x002760    program     static                          
               __tmplbl_4   0x00181c    program     static                          
              __tmplbl_40   0x00276a    program     static                          
              __tmplbl_41   0x002774    program     static                          
              __tmplbl_42   0x00277e    program     static                          
              __tmplbl_43   0x002788    program     static                          
              __tmplbl_44   0x002792    program     static                          
              __tmplbl_49   0x001c66    program     static                          
               __tmplbl_5   0x001818    program     static                          
              __tmplbl_50   0x001f6c    program     static                          
              __tmplbl_51   0x001f86    program     static                          
               __tmplbl_6   0x001c72    program     static                          
               __tmplbl_7   0x001c6c    program     static                          
               __tmplbl_8   0x001f0a    program     static                          
               __tmplbl_9   0x001f04    program     static                          
            __zero_memory   0x003eee    program     extern E:\3.44\pic18-lt\cxx-framework\src\traditional\proc\p18f14k50.asm
                _do_cinit   0x003ce6    program     extern E:\3.44\pic18-lt\cxx-framework\src\traditional\startup\c018i.c
                   _entry   0x000000    program     extern E:\3.44\pic18-lt\cxx-framework\src\traditional\startup\c018i.c
                   _reset   0x001000    program     extern C:\Users\Shinozaki\work\HorizontalControllerEX\FW_HoriConEX_v006\main.c
                 _startup   0x003f0e    program     extern E:\3.44\pic18-lt\cxx-framework\src\traditional\startup\c018i.c
                compare_l   0x003f04    program     static E:\3.44\pic18-lt\cxx-framework\src\traditional\proc\p18f14k50.asm
        configDescriptor1   0x003a36    program     extern C:\Users\Shinozaki\work\HorizontalControllerEX\FW_HoriConEX_v006\usb_descriptors.c
                copy_loop   0x003d58    program     static                          
            copy_one_byte   0x003d5e    program     static                          
               device_dsc   0x003a24    program     extern C:\Users\Shinozaki\work\HorizontalControllerEX\FW_HoriConEX_v006\usb_descriptors.c
                     done   0x003d82    program     static                          
             done_copying   0x003d6c    program     static                          
           eeprom_default   0x003ebe    program     extern C:\Users\Shinozaki\work\HorizontalControllerEX\FW_HoriConEX_v006\main.c
                hid_rpt01   0x003ab1    program     extern C:\Users\Shinozaki\work\HorizontalControllerEX\FW_HoriConEX_v006\usb_descriptors.c
                hid_rpt02   0x003ae5    program     extern C:\Users\Shinozaki\work\HorizontalControllerEX\FW_HoriConEX_v006\usb_descriptors.c
                hid_rpt03   0x003b04    program     extern C:\Users\Shinozaki\work\HorizontalControllerEX\FW_HoriConEX_v006\usb_descriptors.c
                hid_rpt04   0x003b43    program     extern C:\Users\Shinozaki\work\HorizontalControllerEX\FW_HoriConEX_v006\usb_descriptors.c
                     jEnd   0x003db6    program     static E:\3.44\pic18-lt\cxx-framework\src\traditional\stdclib\memset.asm
                     jEnd   0x003dd2    program     static E:\3.44\pic18-lt\cxx-framework\src\traditional\stdclib\strlen.asm
                    jLoop   0x003d98    program     static E:\3.44\pic18-lt\cxx-framework\src\traditional\stdclib\memset.asm
                    jLoop   0x003dc8    program     static E:\3.44\pic18-lt\cxx-framework\src\traditional\stdclib\strlen.asm
                     loop   0x003f1e    program     static                          
                   loop_h   0x003efc    program     static E:\3.44\pic18-lt\cxx-framework\src\traditional\proc\p18f14k50.asm
                   loop_l   0x003f06    program     static E:\3.44\pic18-lt\cxx-framework\src\traditional\proc\p18f14k50.asm
                     main   0x0011da    program     extern C:\Users\Shinozaki\work\HorizontalControllerEX\FW_HoriConEX_v006\main.c
                   memset   0x003d84    program     extern E:\3.44\pic18-lt\cxx-framework\src\traditional\stdclib\memset.asm
                    sd000   0x003b60    program     extern C:\Users\Shinozaki\work\HorizontalControllerEX\FW_HoriConEX_v006\usb_descriptors.c
                    sd001   0x003b64    program     extern C:\Users\Shinozaki\work\HorizontalControllerEX\FW_HoriConEX_v006\usb_descriptors.c
                    sd002   0x003b8a    program     extern C:\Users\Shinozaki\work\HorizontalControllerEX\FW_HoriConEX_v006\usb_descriptors.c
                   strlen   0x003db8    program     extern E:\3.44\pic18-lt\cxx-framework\src\traditional\stdclib\strlen.asm
                     test   0x003d00    program     static                          
               zero_block   0x003efc    program     static E:\3.44\pic18-lt\cxx-framework\src\traditional\proc\p18f14k50.asm
                   ADCON0   0x000fc2       data     extern E:\3.44\pic18-lt\cxx-framework\src\traditional\proc\p18f14k50.asm
               ADCON0bits   0x000fc2       data     extern E:\3.44\pic18-lt\cxx-framework\src\traditional\proc\p18f14k50.asm
                   ADCON1   0x000fc1       data     extern E:\3.44\pic18-lt\cxx-framework\src\traditional\proc\p18f14k50.asm
               ADCON1bits   0x000fc1       data     extern E:\3.44\pic18-lt\cxx-framework\src\traditional\proc\p18f14k50.asm
                   ADCON2   0x000fc0       data     extern E:\3.44\pic18-lt\cxx-framework\src\traditional\proc\p18f14k50.asm
               ADCON2bits   0x000fc0       data     extern E:\3.44\pic18-lt\cxx-framework\src\traditional\proc\p18f14k50.asm
                    ADRES   0x000fc3       data     extern E:\3.44\pic18-lt\cxx-framework\src\traditional\proc\p18f14k50.asm
                   ADRESH   0x000fc4       data     extern E:\3.44\pic18-lt\cxx-framework\src\traditional\proc\p18f14k50.asm
                   ADRESL   0x000fc3       data     extern E:\3.44\pic18-lt\cxx-framework\src\traditional\proc\p18f14k50.asm
                    ANSEL   0x000f7e       data     extern E:\3.44\pic18-lt\cxx-framework\src\traditional\proc\p18f14k50.asm
                   ANSELH   0x000f7f       data     extern E:\3.44\pic18-lt\cxx-framework\src\traditional\proc\p18f14k50.asm
               ANSELHbits   0x000f7f       data     extern E:\3.44\pic18-lt\cxx-framework\src\traditional\proc\p18f14k50.asm
                ANSELbits   0x000f7e       data     extern E:\3.44\pic18-lt\cxx-framework\src\traditional\proc\p18f14k50.asm
                  BAUDCON   0x000fb8       data     extern E:\3.44\pic18-lt\cxx-framework\src\traditional\proc\p18f14k50.asm
              BAUDCONbits   0x000fb8       data     extern E:\3.44\pic18-lt\cxx-framework\src\traditional\proc\p18f14k50.asm
                  BAUDCTL   0x000fb8       data     extern E:\3.44\pic18-lt\cxx-framework\src\traditional\proc\p18f14k50.asm
              BAUDCTLbits   0x000fb8       data     extern E:\3.44\pic18-lt\cxx-framework\src\traditional\proc\p18f14k50.asm
                      BDT   0x000200       data     extern C:\Users\Shinozaki\work\HorizontalControllerEX\FW_HoriConEX_v006\Microchip\USB\usb_device.c
                      BSR   0x000fe0       data     extern E:\3.44\pic18-lt\cxx-framework\src\traditional\proc\p18f14k50.asm
       BothEP0OutUOWNsSet   0x0001ad       data     extern C:\Users\Shinozaki\work\HorizontalControllerEX\FW_HoriConEX_v006\Microchip\USB\usb_device.c
                  CCP1CON   0x000fbd       data     extern E:\3.44\pic18-lt\cxx-framework\src\traditional\proc\p18f14k50.asm
              CCP1CONbits   0x000fbd       data     extern E:\3.44\pic18-lt\cxx-framework\src\traditional\proc\p18f14k50.asm
                    CCPR1   0x000fbe       data     extern E:\3.44\pic18-lt\cxx-framework\src\traditional\proc\p18f14k50.asm
                   CCPR1H   0x000fbf       data     extern E:\3.44\pic18-lt\cxx-framework\src\traditional\proc\p18f14k50.asm
                   CCPR1L   0x000fbe       data     extern E:\3.44\pic18-lt\cxx-framework\src\traditional\proc\p18f14k50.asm
                  CM1CON0   0x000f6d       data     extern E:\3.44\pic18-lt\cxx-framework\src\traditional\proc\p18f14k50.asm
              CM1CON0bits   0x000f6d       data     extern E:\3.44\pic18-lt\cxx-framework\src\traditional\proc\p18f14k50.asm
                  CM2CON0   0x000f6b       data     extern E:\3.44\pic18-lt\cxx-framework\src\traditional\proc\p18f14k50.asm
              CM2CON0bits   0x000f6b       data     extern E:\3.44\pic18-lt\cxx-framework\src\traditional\proc\p18f14k50.asm
                  CM2CON1   0x000f6c       data     extern E:\3.44\pic18-lt\cxx-framework\src\traditional\proc\p18f14k50.asm
              CM2CON1bits   0x000f6c       data     extern E:\3.44\pic18-lt\cxx-framework\src\traditional\proc\p18f14k50.asm
              CtrlTrfData   0x000258       data     extern C:\Users\Shinozaki\work\HorizontalControllerEX\FW_HoriConEX_v006\Microchip\USB\usb_device.c
                     DDRA   0x000f92       data     extern E:\3.44\pic18-lt\cxx-framework\src\traditional\proc\p18f14k50.asm
                 DDRAbits   0x000f92       data     extern E:\3.44\pic18-lt\cxx-framework\src\traditional\proc\p18f14k50.asm
                     DDRB   0x000f93       data     extern E:\3.44\pic18-lt\cxx-framework\src\traditional\proc\p18f14k50.asm
                 DDRBbits   0x000f93       data     extern E:\3.44\pic18-lt\cxx-framework\src\traditional\proc\p18f14k50.asm
                     DDRC   0x000f94       data     extern E:\3.44\pic18-lt\cxx-framework\src\traditional\proc\p18f14k50.asm
                 DDRCbits   0x000f94       data     extern E:\3.44\pic18-lt\cxx-framework\src\traditional\proc\p18f14k50.asm
                  ECCP1AS   0x000fb6       data     extern E:\3.44\pic18-lt\cxx-framework\src\traditional\proc\p18f14k50.asm
              ECCP1ASbits   0x000fb6       data     extern E:\3.44\pic18-lt\cxx-framework\src\traditional\proc\p18f14k50.asm
                    EEADR   0x000fa9       data     extern E:\3.44\pic18-lt\cxx-framework\src\traditional\proc\p18f14k50.asm
                EEADRbits   0x000fa9       data     extern E:\3.44\pic18-lt\cxx-framework\src\traditional\proc\p18f14k50.asm
                   EECON1   0x000fa6       data     extern E:\3.44\pic18-lt\cxx-framework\src\traditional\proc\p18f14k50.asm
               EECON1bits   0x000fa6       data     extern E:\3.44\pic18-lt\cxx-framework\src\traditional\proc\p18f14k50.asm
                   EECON2   0x000fa7       data     extern E:\3.44\pic18-lt\cxx-framework\src\traditional\proc\p18f14k50.asm
                   EEDATA   0x000fa8       data     extern E:\3.44\pic18-lt\cxx-framework\src\traditional\proc\p18f14k50.asm
                     FSR0   0x000fe9       data     extern E:\3.44\pic18-lt\cxx-framework\src\traditional\proc\p18f14k50.asm
                    FSR0H   0x000fea       data     extern E:\3.44\pic18-lt\cxx-framework\src\traditional\proc\p18f14k50.asm
                    FSR0L   0x000fe9       data     extern E:\3.44\pic18-lt\cxx-framework\src\traditional\proc\p18f14k50.asm
                     FSR1   0x000fe1       data     extern E:\3.44\pic18-lt\cxx-framework\src\traditional\proc\p18f14k50.asm
                    FSR1H   0x000fe2       data     extern E:\3.44\pic18-lt\cxx-framework\src\traditional\proc\p18f14k50.asm
                    FSR1L   0x000fe1       data     extern E:\3.44\pic18-lt\cxx-framework\src\traditional\proc\p18f14k50.asm
                     FSR2   0x000fd9       data     extern E:\3.44\pic18-lt\cxx-framework\src\traditional\proc\p18f14k50.asm
                    FSR2H   0x000fda       data     extern E:\3.44\pic18-lt\cxx-framework\src\traditional\proc\p18f14k50.asm
                    FSR2L   0x000fd9       data     extern E:\3.44\pic18-lt\cxx-framework\src\traditional\proc\p18f14k50.asm
                    INDF0   0x000fef       data     extern E:\3.44\pic18-lt\cxx-framework\src\traditional\proc\p18f14k50.asm
                    INDF1   0x000fe7       data     extern E:\3.44\pic18-lt\cxx-framework\src\traditional\proc\p18f14k50.asm
                    INDF2   0x000fdf       data     extern E:\3.44\pic18-lt\cxx-framework\src\traditional\proc\p18f14k50.asm
                   INTCON   0x000ff2       data     extern E:\3.44\pic18-lt\cxx-framework\src\traditional\proc\p18f14k50.asm
                  INTCON2   0x000ff1       data     extern E:\3.44\pic18-lt\cxx-framework\src\traditional\proc\p18f14k50.asm
              INTCON2bits   0x000ff1       data     extern E:\3.44\pic18-lt\cxx-framework\src\traditional\proc\p18f14k50.asm
                  INTCON3   0x000ff0       data     extern E:\3.44\pic18-lt\cxx-framework\src\traditional\proc\p18f14k50.asm
              INTCON3bits   0x000ff0       data     extern E:\3.44\pic18-lt\cxx-framework\src\traditional\proc\p18f14k50.asm
               INTCONbits   0x000ff2       data     extern E:\3.44\pic18-lt\cxx-framework\src\traditional\proc\p18f14k50.asm
                     IOCA   0x000f79       data     extern E:\3.44\pic18-lt\cxx-framework\src\traditional\proc\p18f14k50.asm
                 IOCAbits   0x000f79       data     extern E:\3.44\pic18-lt\cxx-framework\src\traditional\proc\p18f14k50.asm
                     IOCB   0x000f7a       data     extern E:\3.44\pic18-lt\cxx-framework\src\traditional\proc\p18f14k50.asm
                 IOCBbits   0x000f7a       data     extern E:\3.44\pic18-lt\cxx-framework\src\traditional\proc\p18f14k50.asm
                     IPR1   0x000f9f       data     extern E:\3.44\pic18-lt\cxx-framework\src\traditional\proc\p18f14k50.asm
                 IPR1bits   0x000f9f       data     extern E:\3.44\pic18-lt\cxx-framework\src\traditional\proc\p18f14k50.asm
                     IPR2   0x000fa2       data     extern E:\3.44\pic18-lt\cxx-framework\src\traditional\proc\p18f14k50.asm
                 IPR2bits   0x000fa2       data     extern E:\3.44\pic18-lt\cxx-framework\src\traditional\proc\p18f14k50.asm
                     LATA   0x000f89       data     extern E:\3.44\pic18-lt\cxx-framework\src\traditional\proc\p18f14k50.asm
                 LATAbits   0x000f89       data     extern E:\3.44\pic18-lt\cxx-framework\src\traditional\proc\p18f14k50.asm
                     LATB   0x000f8a       data     extern E:\3.44\pic18-lt\cxx-framework\src\traditional\proc\p18f14k50.asm
                 LATBbits   0x000f8a       data     extern E:\3.44\pic18-lt\cxx-framework\src\traditional\proc\p18f14k50.asm
                     LATC   0x000f8b       data     extern E:\3.44\pic18-lt\cxx-framework\src\traditional\proc\p18f14k50.asm
                 LATCbits   0x000f8b       data     extern E:\3.44\pic18-lt\cxx-framework\src\traditional\proc\p18f14k50.asm
                   OSCCON   0x000fd3       data     extern E:\3.44\pic18-lt\cxx-framework\src\traditional\proc\p18f14k50.asm
                  OSCCON2   0x000fd2       data     extern E:\3.44\pic18-lt\cxx-framework\src\traditional\proc\p18f14k50.asm
              OSCCON2bits   0x000fd2       data     extern E:\3.44\pic18-lt\cxx-framework\src\traditional\proc\p18f14k50.asm
               OSCCONbits   0x000fd3       data     extern E:\3.44\pic18-lt\cxx-framework\src\traditional\proc\p18f14k50.asm
                  OSCTUNE   0x000f9b       data     extern E:\3.44\pic18-lt\cxx-framework\src\traditional\proc\p18f14k50.asm
              OSCTUNEbits   0x000f9b       data     extern E:\3.44\pic18-lt\cxx-framework\src\traditional\proc\p18f14k50.asm
                       PC   0x000ff9       data     extern E:\3.44\pic18-lt\cxx-framework\src\traditional\proc\p18f14k50.asm
                      PCL   0x000ff9       data     extern E:\3.44\pic18-lt\cxx-framework\src\traditional\proc\p18f14k50.asm
                   PCLATH   0x000ffa       data     extern E:\3.44\pic18-lt\cxx-framework\src\traditional\proc\p18f14k50.asm
                   PCLATU   0x000ffb       data     extern E:\3.44\pic18-lt\cxx-framework\src\traditional\proc\p18f14k50.asm
                     PIE1   0x000f9d       data     extern E:\3.44\pic18-lt\cxx-framework\src\traditional\proc\p18f14k50.asm
                 PIE1bits   0x000f9d       data     extern E:\3.44\pic18-lt\cxx-framework\src\traditional\proc\p18f14k50.asm
                     PIE2   0x000fa0       data     extern E:\3.44\pic18-lt\cxx-framework\src\traditional\proc\p18f14k50.asm
                 PIE2bits   0x000fa0       data     extern E:\3.44\pic18-lt\cxx-framework\src\traditional\proc\p18f14k50.asm
                     PIR1   0x000f9e       data     extern E:\3.44\pic18-lt\cxx-framework\src\traditional\proc\p18f14k50.asm
                 PIR1bits   0x000f9e       data     extern E:\3.44\pic18-lt\cxx-framework\src\traditional\proc\p18f14k50.asm
                     PIR2   0x000fa1       data     extern E:\3.44\pic18-lt\cxx-framework\src\traditional\proc\p18f14k50.asm
                 PIR2bits   0x000fa1       data     extern E:\3.44\pic18-lt\cxx-framework\src\traditional\proc\p18f14k50.asm
                   PLUSW0   0x000feb       data     extern E:\3.44\pic18-lt\cxx-framework\src\traditional\proc\p18f14k50.asm
                   PLUSW1   0x000fe3       data     extern E:\3.44\pic18-lt\cxx-framework\src\traditional\proc\p18f14k50.asm
                   PLUSW2   0x000fdb       data     extern E:\3.44\pic18-lt\cxx-framework\src\traditional\proc\p18f14k50.asm
                    PORTA   0x000f80       data     extern E:\3.44\pic18-lt\cxx-framework\src\traditional\proc\p18f14k50.asm
                PORTAbits   0x000f80       data     extern E:\3.44\pic18-lt\cxx-framework\src\traditional\proc\p18f14k50.asm
                    PORTB   0x000f81       data     extern E:\3.44\pic18-lt\cxx-framework\src\traditional\proc\p18f14k50.asm
                PORTBbits   0x000f81       data     extern E:\3.44\pic18-lt\cxx-framework\src\traditional\proc\p18f14k50.asm
                    PORTC   0x000f82       data     extern E:\3.44\pic18-lt\cxx-framework\src\traditional\proc\p18f14k50.asm
                PORTCbits   0x000f82       data     extern E:\3.44\pic18-lt\cxx-framework\src\traditional\proc\p18f14k50.asm
                 POSTDEC0   0x000fed       data     extern E:\3.44\pic18-lt\cxx-framework\src\traditional\proc\p18f14k50.asm
                 POSTDEC1   0x000fe5       data     extern E:\3.44\pic18-lt\cxx-framework\src\traditional\proc\p18f14k50.asm
                 POSTDEC2   0x000fdd       data     extern E:\3.44\pic18-lt\cxx-framework\src\traditional\proc\p18f14k50.asm
                 POSTINC0   0x000fee       data     extern E:\3.44\pic18-lt\cxx-framework\src\traditional\proc\p18f14k50.asm
                 POSTINC1   0x000fe6       data     extern E:\3.44\pic18-lt\cxx-framework\src\traditional\proc\p18f14k50.asm
                 POSTINC2   0x000fde       data     extern E:\3.44\pic18-lt\cxx-framework\src\traditional\proc\p18f14k50.asm
                      PR2   0x000fcb       data     extern E:\3.44\pic18-lt\cxx-framework\src\traditional\proc\p18f14k50.asm
                  PREINC0   0x000fec       data     extern E:\3.44\pic18-lt\cxx-framework\src\traditional\proc\p18f14k50.asm
                  PREINC1   0x000fe4       data     extern E:\3.44\pic18-lt\cxx-framework\src\traditional\proc\p18f14k50.asm
                  PREINC2   0x000fdc       data     extern E:\3.44\pic18-lt\cxx-framework\src\traditional\proc\p18f14k50.asm
                     PROD   0x000ff3       data     extern E:\3.44\pic18-lt\cxx-framework\src\traditional\proc\p18f14k50.asm
                    PRODH   0x000ff4       data     extern E:\3.44\pic18-lt\cxx-framework\src\traditional\proc\p18f14k50.asm
                    PRODL   0x000ff3       data     extern E:\3.44\pic18-lt\cxx-framework\src\traditional\proc\p18f14k50.asm
                  PSTRCON   0x000fb9       data     extern E:\3.44\pic18-lt\cxx-framework\src\traditional\proc\p18f14k50.asm
              PSTRCONbits   0x000fb9       data     extern E:\3.44\pic18-lt\cxx-framework\src\traditional\proc\p18f14k50.asm
                  PWM1CON   0x000fb7       data     extern E:\3.44\pic18-lt\cxx-framework\src\traditional\proc\p18f14k50.asm
              PWM1CONbits   0x000fb7       data     extern E:\3.44\pic18-lt\cxx-framework\src\traditional\proc\p18f14k50.asm
                     RCON   0x000fd0       data     extern E:\3.44\pic18-lt\cxx-framework\src\traditional\proc\p18f14k50.asm
                 RCONbits   0x000fd0       data     extern E:\3.44\pic18-lt\cxx-framework\src\traditional\proc\p18f14k50.asm
                    RCREG   0x000fae       data     extern E:\3.44\pic18-lt\cxx-framework\src\traditional\proc\p18f14k50.asm
                    RCSTA   0x000fab       data     extern E:\3.44\pic18-lt\cxx-framework\src\traditional\proc\p18f14k50.asm
                RCSTAbits   0x000fab       data     extern E:\3.44\pic18-lt\cxx-framework\src\traditional\proc\p18f14k50.asm
                  REFCON0   0x000fba       data     extern E:\3.44\pic18-lt\cxx-framework\src\traditional\proc\p18f14k50.asm
              REFCON0bits   0x000fba       data     extern E:\3.44\pic18-lt\cxx-framework\src\traditional\proc\p18f14k50.asm
                  REFCON1   0x000fbb       data     extern E:\3.44\pic18-lt\cxx-framework\src\traditional\proc\p18f14k50.asm
              REFCON1bits   0x000fbb       data     extern E:\3.44\pic18-lt\cxx-framework\src\traditional\proc\p18f14k50.asm
                  REFCON2   0x000fbc       data     extern E:\3.44\pic18-lt\cxx-framework\src\traditional\proc\p18f14k50.asm
              REFCON2bits   0x000fbc       data     extern E:\3.44\pic18-lt\cxx-framework\src\traditional\proc\p18f14k50.asm
       ReceivedDataBuffer   0x000276       data     extern C:\Users\Shinozaki\work\HorizontalControllerEX\FW_HoriConEX_v006\main.c
             RemoteWakeup   0x0001ab       data     extern C:\Users\Shinozaki\work\HorizontalControllerEX\FW_HoriConEX_v006\Microchip\USB\usb_device.c
                     SIGN   0x000009       data     extern E:\3.44\pic18-lt\cxx-framework\src\traditional\math\cmath18.asm
                   SLRCON   0x000f76       data     extern E:\3.44\pic18-lt\cxx-framework\src\traditional\proc\p18f14k50.asm
               SLRCONbits   0x000f76       data     extern E:\3.44\pic18-lt\cxx-framework\src\traditional\proc\p18f14k50.asm
                    SPBRG   0x000faf       data     extern E:\3.44\pic18-lt\cxx-framework\src\traditional\proc\p18f14k50.asm
                   SPBRGH   0x000fb0       data     extern E:\3.44\pic18-lt\cxx-framework\src\traditional\proc\p18f14k50.asm
                   SRCON0   0x000f68       data     extern E:\3.44\pic18-lt\cxx-framework\src\traditional\proc\p18f14k50.asm
               SRCON0bits   0x000f68       data     extern E:\3.44\pic18-lt\cxx-framework\src\traditional\proc\p18f14k50.asm
                   SRCON1   0x000f69       data     extern E:\3.44\pic18-lt\cxx-framework\src\traditional\proc\p18f14k50.asm
               SRCON1bits   0x000f69       data     extern E:\3.44\pic18-lt\cxx-framework\src\traditional\proc\p18f14k50.asm
                   SSPADD   0x000fc8       data     extern E:\3.44\pic18-lt\cxx-framework\src\traditional\proc\p18f14k50.asm
                   SSPBUF   0x000fc9       data     extern E:\3.44\pic18-lt\cxx-framework\src\traditional\proc\p18f14k50.asm
                  SSPCON1   0x000fc6       data     extern E:\3.44\pic18-lt\cxx-framework\src\traditional\proc\p18f14k50.asm
              SSPCON1bits   0x000fc6       data     extern E:\3.44\pic18-lt\cxx-framework\src\traditional\proc\p18f14k50.asm
                  SSPCON2   0x000fc5       data     extern E:\3.44\pic18-lt\cxx-framework\src\traditional\proc\p18f14k50.asm
              SSPCON2bits   0x000fc5       data     extern E:\3.44\pic18-lt\cxx-framework\src\traditional\proc\p18f14k50.asm
                   SSPMSK   0x000f6f       data     extern E:\3.44\pic18-lt\cxx-framework\src\traditional\proc\p18f14k50.asm
               SSPMSKbits   0x000f6f       data     extern E:\3.44\pic18-lt\cxx-framework\src\traditional\proc\p18f14k50.asm
                  SSPSTAT   0x000fc7       data     extern E:\3.44\pic18-lt\cxx-framework\src\traditional\proc\p18f14k50.asm
              SSPSTATbits   0x000fc7       data     extern E:\3.44\pic18-lt\cxx-framework\src\traditional\proc\p18f14k50.asm
                   STATUS   0x000fd8       data     extern E:\3.44\pic18-lt\cxx-framework\src\traditional\proc\p18f14k50.asm
               STATUSbits   0x000fd8       data     extern E:\3.44\pic18-lt\cxx-framework\src\traditional\proc\p18f14k50.asm
                   STKPTR   0x000ffc       data     extern E:\3.44\pic18-lt\cxx-framework\src\traditional\proc\p18f14k50.asm
               STKPTRbits   0x000ffc       data     extern E:\3.44\pic18-lt\cxx-framework\src\traditional\proc\p18f14k50.asm
                 SetupPkt   0x000250       data     extern C:\Users\Shinozaki\work\HorizontalControllerEX\FW_HoriConEX_v006\Microchip\USB\usb_device.c
                    T0CON   0x000fd5       data     extern E:\3.44\pic18-lt\cxx-framework\src\traditional\proc\p18f14k50.asm
                T0CONbits   0x000fd5       data     extern E:\3.44\pic18-lt\cxx-framework\src\traditional\proc\p18f14k50.asm
                    T1CON   0x000fcd       data     extern E:\3.44\pic18-lt\cxx-framework\src\traditional\proc\p18f14k50.asm
                T1CONbits   0x000fcd       data     extern E:\3.44\pic18-lt\cxx-framework\src\traditional\proc\p18f14k50.asm
                    T2CON   0x000fca       data     extern E:\3.44\pic18-lt\cxx-framework\src\traditional\proc\p18f14k50.asm
                T2CONbits   0x000fca       data     extern E:\3.44\pic18-lt\cxx-framework\src\traditional\proc\p18f14k50.asm
                    T3CON   0x000fb1       data     extern E:\3.44\pic18-lt\cxx-framework\src\traditional\proc\p18f14k50.asm
                T3CONbits   0x000fb1       data     extern E:\3.44\pic18-lt\cxx-framework\src\traditional\proc\p18f14k50.asm
                   TABLAT   0x000ff5       data     extern E:\3.44\pic18-lt\cxx-framework\src\traditional\proc\p18f14k50.asm
                   TBLPTR   0x000ff6       data     extern E:\3.44\pic18-lt\cxx-framework\src\traditional\proc\p18f14k50.asm
                  TBLPTRH   0x000ff7       data     extern E:\3.44\pic18-lt\cxx-framework\src\traditional\proc\p18f14k50.asm
                  TBLPTRL   0x000ff6       data     extern E:\3.44\pic18-lt\cxx-framework\src\traditional\proc\p18f14k50.asm
                  TBLPTRU   0x000ff8       data     extern E:\3.44\pic18-lt\cxx-framework\src\traditional\proc\p18f14k50.asm
                    TMR0H   0x000fd7       data     extern E:\3.44\pic18-lt\cxx-framework\src\traditional\proc\p18f14k50.asm
                    TMR0L   0x000fd6       data     extern E:\3.44\pic18-lt\cxx-framework\src\traditional\proc\p18f14k50.asm
                    TMR1H   0x000fcf       data     extern E:\3.44\pic18-lt\cxx-framework\src\traditional\proc\p18f14k50.asm
                    TMR1L   0x000fce       data     extern E:\3.44\pic18-lt\cxx-framework\src\traditional\proc\p18f14k50.asm
                     TMR2   0x000fcc       data     extern E:\3.44\pic18-lt\cxx-framework\src\traditional\proc\p18f14k50.asm
                    TMR3H   0x000fb3       data     extern E:\3.44\pic18-lt\cxx-framework\src\traditional\proc\p18f14k50.asm
                    TMR3L   0x000fb2       data     extern E:\3.44\pic18-lt\cxx-framework\src\traditional\proc\p18f14k50.asm
                      TOS   0x000ffd       data     extern E:\3.44\pic18-lt\cxx-framework\src\traditional\proc\p18f14k50.asm
                     TOSH   0x000ffe       data     extern E:\3.44\pic18-lt\cxx-framework\src\traditional\proc\p18f14k50.asm
                     TOSL   0x000ffd       data     extern E:\3.44\pic18-lt\cxx-framework\src\traditional\proc\p18f14k50.asm
                     TOSU   0x000fff       data     extern E:\3.44\pic18-lt\cxx-framework\src\traditional\proc\p18f14k50.asm
                    TRISA   0x000f92       data     extern E:\3.44\pic18-lt\cxx-framework\src\traditional\proc\p18f14k50.asm
                TRISAbits   0x000f92       data     extern E:\3.44\pic18-lt\cxx-framework\src\traditional\proc\p18f14k50.asm
                    TRISB   0x000f93       data     extern E:\3.44\pic18-lt\cxx-framework\src\traditional\proc\p18f14k50.asm
                TRISBbits   0x000f93       data     extern E:\3.44\pic18-lt\cxx-framework\src\traditional\proc\p18f14k50.asm
                    TRISC   0x000f94       data     extern E:\3.44\pic18-lt\cxx-framework\src\traditional\proc\p18f14k50.asm
                TRISCbits   0x000f94       data     extern E:\3.44\pic18-lt\cxx-framework\src\traditional\proc\p18f14k50.asm
                    TXREG   0x000fad       data     extern E:\3.44\pic18-lt\cxx-framework\src\traditional\proc\p18f14k50.asm
                    TXSTA   0x000fac       data     extern E:\3.44\pic18-lt\cxx-framework\src\traditional\proc\p18f14k50.asm
                TXSTAbits   0x000fac       data     extern E:\3.44\pic18-lt\cxx-framework\src\traditional\proc\p18f14k50.asm
         ToSendDataBuffer   0x0002b6       data     extern C:\Users\Shinozaki\work\HorizontalControllerEX\FW_HoriConEX_v006\main.c
                    UADDR   0x000f5c       data     extern E:\3.44\pic18-lt\cxx-framework\src\traditional\proc\p18f14k50.asm
                UADDRbits   0x000f5c       data     extern E:\3.44\pic18-lt\cxx-framework\src\traditional\proc\p18f14k50.asm
                     UCFG   0x000f61       data     extern E:\3.44\pic18-lt\cxx-framework\src\traditional\proc\p18f14k50.asm
                 UCFGbits   0x000f61       data     extern E:\3.44\pic18-lt\cxx-framework\src\traditional\proc\p18f14k50.asm
                     UCON   0x000f64       data     extern E:\3.44\pic18-lt\cxx-framework\src\traditional\proc\p18f14k50.asm
                 UCONbits   0x000f64       data     extern E:\3.44\pic18-lt\cxx-framework\src\traditional\proc\p18f14k50.asm
                     UEIE   0x000f5b       data     extern E:\3.44\pic18-lt\cxx-framework\src\traditional\proc\p18f14k50.asm
                 UEIEbits   0x000f5b       data     extern E:\3.44\pic18-lt\cxx-framework\src\traditional\proc\p18f14k50.asm
                     UEIR   0x000f5f       data     extern E:\3.44\pic18-lt\cxx-framework\src\traditional\proc\p18f14k50.asm
                 UEIRbits   0x000f5f       data     extern E:\3.44\pic18-lt\cxx-framework\src\traditional\proc\p18f14k50.asm
                     UEP0   0x000f53       data     extern E:\3.44\pic18-lt\cxx-framework\src\traditional\proc\p18f14k50.asm
                 UEP0bits   0x000f53       data     extern E:\3.44\pic18-lt\cxx-framework\src\traditional\proc\p18f14k50.asm
                     UEP1   0x000f54       data     extern E:\3.44\pic18-lt\cxx-framework\src\traditional\proc\p18f14k50.asm
                 UEP1bits   0x000f54       data     extern E:\3.44\pic18-lt\cxx-framework\src\traditional\proc\p18f14k50.asm
                     UEP2   0x000f55       data     extern E:\3.44\pic18-lt\cxx-framework\src\traditional\proc\p18f14k50.asm
                 UEP2bits   0x000f55       data     extern E:\3.44\pic18-lt\cxx-framework\src\traditional\proc\p18f14k50.asm
                     UEP3   0x000f56       data     extern E:\3.44\pic18-lt\cxx-framework\src\traditional\proc\p18f14k50.asm
                 UEP3bits   0x000f56       data     extern E:\3.44\pic18-lt\cxx-framework\src\traditional\proc\p18f14k50.asm
                     UEP4   0x000f57       data     extern E:\3.44\pic18-lt\cxx-framework\src\traditional\proc\p18f14k50.asm
                 UEP4bits   0x000f57       data     extern E:\3.44\pic18-lt\cxx-framework\src\traditional\proc\p18f14k50.asm
                     UEP5   0x000f58       data     extern E:\3.44\pic18-lt\cxx-framework\src\traditional\proc\p18f14k50.asm
                 UEP5bits   0x000f58       data     extern E:\3.44\pic18-lt\cxx-framework\src\traditional\proc\p18f14k50.asm
                     UEP6   0x000f59       data     extern E:\3.44\pic18-lt\cxx-framework\src\traditional\proc\p18f14k50.asm
                 UEP6bits   0x000f59       data     extern E:\3.44\pic18-lt\cxx-framework\src\traditional\proc\p18f14k50.asm
                     UEP7   0x000f5a       data     extern E:\3.44\pic18-lt\cxx-framework\src\traditional\proc\p18f14k50.asm
                 UEP7bits   0x000f5a       data     extern E:\3.44\pic18-lt\cxx-framework\src\traditional\proc\p18f14k50.asm
                    UFRMH   0x000f5e       data     extern E:\3.44\pic18-lt\cxx-framework\src\traditional\proc\p18f14k50.asm
                UFRMHbits   0x000f5e       data     extern E:\3.44\pic18-lt\cxx-framework\src\traditional\proc\p18f14k50.asm
                    UFRML   0x000f5d       data     extern E:\3.44\pic18-lt\cxx-framework\src\traditional\proc\p18f14k50.asm
                UFRMLbits   0x000f5d       data     extern E:\3.44\pic18-lt\cxx-framework\src\traditional\proc\p18f14k50.asm
                      UIE   0x000f60       data     extern E:\3.44\pic18-lt\cxx-framework\src\traditional\proc\p18f14k50.asm
                  UIEbits   0x000f60       data     extern E:\3.44\pic18-lt\cxx-framework\src\traditional\proc\p18f14k50.asm
                      UIR   0x000f62       data     extern E:\3.44\pic18-lt\cxx-framework\src\traditional\proc\p18f14k50.asm
                  UIRbits   0x000f62       data     extern E:\3.44\pic18-lt\cxx-framework\src\traditional\proc\p18f14k50.asm
   USBActiveConfiguration   0x000181       data     extern C:\Users\Shinozaki\work\HorizontalControllerEX\FW_HoriConEX_v006\Microchip\USB\usb_device.c
    USBAlternateInterface   0x000182       data     extern C:\Users\Shinozaki\work\HorizontalControllerEX\FW_HoriConEX_v006\Microchip\USB\usb_device.c
           USBDeviceState   0x000180       data     extern C:\Users\Shinozaki\work\HorizontalControllerEX\FW_HoriConEX_v006\Microchip\USB\usb_device.c
                USBInData   0x0001b6       data     extern C:\Users\Shinozaki\work\HorizontalControllerEX\FW_HoriConEX_v006\Microchip\USB\usb_device.c
              USBInHandle   0x00009e       data     extern C:\Users\Shinozaki\work\HorizontalControllerEX\FW_HoriConEX_v006\main.c
       USBInMaxPacketSize   0x0001ae       data     extern C:\Users\Shinozaki\work\HorizontalControllerEX\FW_HoriConEX_v006\Microchip\USB\usb_device.c
             USBOutHandle   0x00009c       data     extern C:\Users\Shinozaki\work\HorizontalControllerEX\FW_HoriConEX_v006\main.c
                    USTAT   0x000f63       data     extern E:\3.44\pic18-lt\cxx-framework\src\traditional\proc\p18f14k50.asm
                USTATbits   0x000f63       data     extern E:\3.44\pic18-lt\cxx-framework\src\traditional\proc\p18f14k50.asm
                USTATcopy   0x0001ac       data     extern C:\Users\Shinozaki\work\HorizontalControllerEX\FW_HoriConEX_v006\Microchip\USB\usb_device.c
                 VREFCON0   0x000fba       data     extern E:\3.44\pic18-lt\cxx-framework\src\traditional\proc\p18f14k50.asm
             VREFCON0bits   0x000fba       data     extern E:\3.44\pic18-lt\cxx-framework\src\traditional\proc\p18f14k50.asm
                 VREFCON1   0x000fbb       data     extern E:\3.44\pic18-lt\cxx-framework\src\traditional\proc\p18f14k50.asm
             VREFCON1bits   0x000fbb       data     extern E:\3.44\pic18-lt\cxx-framework\src\traditional\proc\p18f14k50.asm
                 VREFCON2   0x000fbc       data     extern E:\3.44\pic18-lt\cxx-framework\src\traditional\proc\p18f14k50.asm
             VREFCON2bits   0x000fbc       data     extern E:\3.44\pic18-lt\cxx-framework\src\traditional\proc\p18f14k50.asm
                        W   0x000fe8       data     extern E:\3.44\pic18-lt\cxx-framework\src\traditional\proc\p18f14k50.asm
                   WDTCON   0x000fd1       data     extern E:\3.44\pic18-lt\cxx-framework\src\traditional\proc\p18f14k50.asm
               WDTCONbits   0x000fd1       data     extern E:\3.44\pic18-lt\cxx-framework\src\traditional\proc\p18f14k50.asm
                     WPUA   0x000f77       data     extern E:\3.44\pic18-lt\cxx-framework\src\traditional\proc\p18f14k50.asm
                 WPUAbits   0x000f77       data     extern E:\3.44\pic18-lt\cxx-framework\src\traditional\proc\p18f14k50.asm
                     WPUB   0x000f78       data     extern E:\3.44\pic18-lt\cxx-framework\src\traditional\proc\p18f14k50.asm
                 WPUBbits   0x000f78       data     extern E:\3.44\pic18-lt\cxx-framework\src\traditional\proc\p18f14k50.asm
                     WREG   0x000fe8       data     extern E:\3.44\pic18-lt\cxx-framework\src\traditional\proc\p18f14k50.asm
                 __AARGB0   0x000007       data     extern E:\3.44\pic18-lt\cxx-framework\src\traditional\math\aarg.asm
                 __AARGB1   0x000006       data     extern E:\3.44\pic18-lt\cxx-framework\src\traditional\math\aarg.asm
                 __AARGB2   0x000005       data     extern E:\3.44\pic18-lt\cxx-framework\src\traditional\math\aarg.asm
                 __AARGB3   0x000004       data     extern E:\3.44\pic18-lt\cxx-framework\src\traditional\math\aarg.asm
                 __AARGB4   0x000003       data     extern E:\3.44\pic18-lt\cxx-framework\src\traditional\math\aarg.asm
                 __AARGB5   0x000002       data     extern E:\3.44\pic18-lt\cxx-framework\src\traditional\math\aarg.asm
                 __AARGB6   0x000001       data     extern E:\3.44\pic18-lt\cxx-framework\src\traditional\math\aarg.asm
                 __AARGB7   0x000000       data     extern E:\3.44\pic18-lt\cxx-framework\src\traditional\math\aarg.asm
                   __AEXP   0x000008       data     extern E:\3.44\pic18-lt\cxx-framework\src\traditional\math\aarg.asm
                __FPFLAGS   0x00000a       data     extern E:\3.44\pic18-lt\cxx-framework\src\traditional\math\cmath18.asm
            __FPFLAGSbits   0x00000a       data     extern E:\3.44\pic18-lt\cxx-framework\src\traditional\math\cmath18.asm
                  __REMB0   0x000003       data     extern E:\3.44\pic18-lt\cxx-framework\src\traditional\math\aarg.asm
                  __REMB1   0x000002       data     extern E:\3.44\pic18-lt\cxx-framework\src\traditional\math\aarg.asm
                  __REMB2   0x000001       data     extern E:\3.44\pic18-lt\cxx-framework\src\traditional\math\aarg.asm
                  __REMB3   0x000000       data     extern E:\3.44\pic18-lt\cxx-framework\src\traditional\math\aarg.asm
                  __tmp_0   0x00000b       data     static C:\Users\Shinozaki\work\HorizontalControllerEX\FW_HoriConEX_v006\main.c
                  __tmp_0   0x00000b       data     static C:\Users\Shinozaki\work\HorizontalControllerEX\FW_HoriConEX_v006\Microchip\USB\usb_device.c
                  __tmp_0   0x00000b       data     static C:\Users\Shinozaki\work\HorizontalControllerEX\FW_HoriConEX_v006\eeprom.c
          active_protocol   0x0000f8       data     extern C:\Users\Shinozaki\work\HorizontalControllerEX\FW_HoriConEX_v006\Microchip\USB\HID Device Driver\usb_function_hid.c
                c_version   0x000096       data     extern C:\Users\Shinozaki\work\HorizontalControllerEX\FW_HoriConEX_v006\main.c
     controlTransferState   0x00019c       data     extern C:\Users\Shinozaki\work\HorizontalControllerEX\FW_HoriConEX_v006\Microchip\USB\usb_device.c
                curr_byte   0x0001d8       data     static E:\3.44\pic18-lt\cxx-framework\src\traditional\startup\c018i.c
               curr_entry   0x0001da       data     static E:\3.44\pic18-lt\cxx-framework\src\traditional\startup\c018i.c
                 data_ptr   0x0001dc       data     static E:\3.44\pic18-lt\cxx-framework\src\traditional\startup\c018i.c
               debug_arr1   0x0000d4       data     extern C:\Users\Shinozaki\work\HorizontalControllerEX\FW_HoriConEX_v006\main.c
               debug_arr2   0x0000e4       data     extern C:\Users\Shinozaki\work\HorizontalControllerEX\FW_HoriConEX_v006\main.c
              delay_count   0x0001d3       data     static C:\Users\Shinozaki\work\HorizontalControllerEX\FW_HoriConEX_v006\main.c
              eeprom_data   0x000060       data     extern C:\Users\Shinozaki\work\HorizontalControllerEX\FW_HoriConEX_v006\main.c
            hid_report_in   0x000261       data     extern C:\Users\Shinozaki\work\HorizontalControllerEX\FW_HoriConEX_v006\Microchip\USB\usb_device.c
           hid_report_out   0x000260       data     extern C:\Users\Shinozaki\work\HorizontalControllerEX\FW_HoriConEX_v006\Microchip\USB\usb_device.c
                idle_rate   0x0000f7       data     extern C:\Users\Shinozaki\work\HorizontalControllerEX\FW_HoriConEX_v006\Microchip\USB\HID Device Driver\usb_function_hid.c
                  inPipes   0x00019d       data     extern C:\Users\Shinozaki\work\HorizontalControllerEX\FW_HoriConEX_v006\Microchip\USB\usb_device.c
     key_output_over_buff   0x0000c7       data     extern C:\Users\Shinozaki\work\HorizontalControllerEX\FW_HoriConEX_v006\main.c
     key_output_over_full   0x0000d1       data     extern C:\Users\Shinozaki\work\HorizontalControllerEX\FW_HoriConEX_v006\main.c
 key_output_over_read_idx   0x0000cf       data     extern C:\Users\Shinozaki\work\HorizontalControllerEX\FW_HoriConEX_v006\main.c
key_output_over_write_idx   0x0000d0       data     extern C:\Users\Shinozaki\work\HorizontalControllerEX\FW_HoriConEX_v006\main.c
          keyboard_buffer   0x0001c3       data     extern C:\Users\Shinozaki\work\HorizontalControllerEX\FW_HoriConEX_v006\main.c
           keyboard_input   0x00026e       data     extern C:\Users\Shinozaki\work\HorizontalControllerEX\FW_HoriConEX_v006\main.c
  keyboard_input_out_flag   0x0000f6       data     extern C:\Users\Shinozaki\work\HorizontalControllerEX\FW_HoriConEX_v006\main.c
lastINTransmissionKeyboard   0x0001cf       data     extern C:\Users\Shinozaki\work\HorizontalControllerEX\FW_HoriConEX_v006\main.c
lastOUTTransmissionKeyboard   0x0001d1       data     extern C:\Users\Shinozaki\work\HorizontalControllerEX\FW_HoriConEX_v006\main.c
    lastTransmissionMouse   0x0001cb       data     extern C:\Users\Shinozaki\work\HorizontalControllerEX\FW_HoriConEX_v006\main.c
   lastTransmissionVolume   0x0001cd       data     extern C:\Users\Shinozaki\work\HorizontalControllerEX\FW_HoriConEX_v006\main.c
         led_duty_counter   0x000090       data     extern C:\Users\Shinozaki\work\HorizontalControllerEX\FW_HoriConEX_v006\main.c
led_duty_up_timer_counter   0x000091       data     extern C:\Users\Shinozaki\work\HorizontalControllerEX\FW_HoriConEX_v006\main.c
      led_updown_now_duty   0x000093       data     extern C:\Users\Shinozaki\work\HorizontalControllerEX\FW_HoriConEX_v006\main.c
      led_updown_set_duty   0x000094       data     extern C:\Users\Shinozaki\work\HorizontalControllerEX\FW_HoriConEX_v006\main.c
 led_updown_timer_counter   0x000095       data     extern C:\Users\Shinozaki\work\HorizontalControllerEX\FW_HoriConEX_v006\main.c
              mode_sw_fix   0x0000b8       data     extern C:\Users\Shinozaki\work\HorizontalControllerEX\FW_HoriConEX_v006\main.c
          mode_sw_fix_pre   0x0000b9       data     extern C:\Users\Shinozaki\work\HorizontalControllerEX\FW_HoriConEX_v006\main.c
          mode_sw_off_cnt   0x0000bb       data     extern C:\Users\Shinozaki\work\HorizontalControllerEX\FW_HoriConEX_v006\main.c
           mode_sw_on_cnt   0x0000ba       data     extern C:\Users\Shinozaki\work\HorizontalControllerEX\FW_HoriConEX_v006\main.c
             mouse_buffer   0x0001be       data     extern C:\Users\Shinozaki\work\HorizontalControllerEX\FW_HoriConEX_v006\main.c
              mouse_input   0x000269       data     extern C:\Users\Shinozaki\work\HorizontalControllerEX\FW_HoriConEX_v006\main.c
     mouse_input_out_flag   0x0000f5       data     extern C:\Users\Shinozaki\work\HorizontalControllerEX\FW_HoriConEX_v006\main.c
mouse_w_click_interval_counter   0x0000be       data     extern C:\Users\Shinozaki\work\HorizontalControllerEX\FW_HoriConEX_v006\main.c
     mouse_w_click_status   0x0000bd       data     extern C:\Users\Shinozaki\work\HorizontalControllerEX\FW_HoriConEX_v006\main.c
                 outPipes   0x0001a2       data     extern C:\Users\Shinozaki\work\HorizontalControllerEX\FW_HoriConEX_v006\Microchip\USB\usb_device.c
   pBDTEntryEP0OutCurrent   0x000183       data     extern C:\Users\Shinozaki\work\HorizontalControllerEX\FW_HoriConEX_v006\Microchip\USB\usb_device.c
      pBDTEntryEP0OutNext   0x000185       data     extern C:\Users\Shinozaki\work\HorizontalControllerEX\FW_HoriConEX_v006\Microchip\USB\usb_device.c
              pBDTEntryIn   0x000191       data     extern C:\Users\Shinozaki\work\HorizontalControllerEX\FW_HoriConEX_v006\Microchip\USB\usb_device.c
             pBDTEntryOut   0x000187       data     extern C:\Users\Shinozaki\work\HorizontalControllerEX\FW_HoriConEX_v006\Microchip\USB\usb_device.c
                     pDst   0x0001a9       data     extern C:\Users\Shinozaki\work\HorizontalControllerEX\FW_HoriConEX_v006\Microchip\USB\usb_device.c
             pre_state_re   0x0000c1       data     extern C:\Users\Shinozaki\work\HorizontalControllerEX\FW_HoriConEX_v006\main.c
[...]
                    TRISA   0x000f92       data     extern E:\3.44\pic18-lt\cxx-framework\src\traditional\proc\p18f14k50.asm
                     DDRA   0x000f92       data     extern E:\3.44\pic18-lt\cxx-framework\src\traditional\proc\p18f14k50.asm
                 DDRBbits   0x000f93       data     extern E:\3.44\pic18-lt\cxx-framework\src\traditional\proc\p18f14k50.asm
                     DDRB   0x000f93       data     extern E:\3.44\pic18-lt\cxx-framework\src\traditional\proc\p18f14k50.asm
                    TRISB   0x000f93       data     extern E:\3.44\pic18-lt\cxx-framework\src\traditional\proc\p18f14k50.asm
                TRISBbits   0x000f93       data     extern E:\3.44\pic18-lt\cxx-framework\src\traditional\proc\p18f14k50.asm
                    TRISC   0x000f94       data     extern E:\3.44\pic18-lt\cxx-framework\src\traditional\proc\p18f14k50.asm
                TRISCbits   0x000f94       data     extern E:\3.44\pic18-lt\cxx-framework\src\traditional\proc\p18f14k50.asm
                     DDRC   0x000f94       data     extern E:\3.44\pic18-lt\cxx-framework\src\traditional\proc\p18f14k50.asm
                 DDRCbits   0x000f94       data     extern E:\3.44\pic18-lt\cxx-framework\src\traditional\proc\p18f14k50.asm
              OSCTUNEbits   0x000f9b       data     extern E:\3.44\pic18-lt\cxx-framework\src\traditional\proc\p18f14k50.asm
                  OSCTUNE   0x000f9b       data     extern E:\3.44\pic18-lt\cxx-framework\src\traditional\proc\p18f14k50.asm
                     PIE1   0x000f9d       data     extern E:\3.44\pic18-lt\cxx-framework\src\traditional\proc\p18f14k50.asm
                 PIE1bits   0x000f9d       data     extern E:\3.44\pic18-lt\cxx-framework\src\traditional\proc\p18f14k50.asm
                 PIR1bits   0x000f9e       data     extern E:\3.44\pic18-lt\cxx-framework\src\traditional\proc\p18f14k50.asm
                     PIR1   0x000f9e       data     extern E:\3.44\pic18-lt\cxx-framework\src\traditional\proc\p18f14k50.asm
                 IPR1bits   0x000f9f       data     extern E:\3.44\pic18-lt\cxx-framework\src\traditional\proc\p18f14k50.asm
                     IPR1   0x000f9f       data     extern E:\3.44\pic18-lt\cxx-framework\src\traditional\proc\p18f14k50.asm
                     PIE2   0x000fa0       data     extern E:\3.44\pic18-lt\cxx-framework\src\traditional\proc\p18f14k50.asm
                 PIE2bits   0x000fa0       data     extern E:\3.44\pic18-lt\cxx-framework\src\traditional\proc\p18f14k50.asm
                     PIR2   0x000fa1       data     extern E:\3.44\pic18-lt\cxx-framework\src\traditional\proc\p18f14k50.asm
                 PIR2bits   0x000fa1       data     extern E:\3.44\pic18-lt\cxx-framework\src\traditional\proc\p18f14k50.asm
                     IPR2   0x000fa2       data     extern E:\3.44\pic18-lt\cxx-framework\src\traditional\proc\p18f14k50.asm
                 IPR2bits   0x000fa2       data     extern E:\3.44\pic18-lt\cxx-framework\src\traditional\proc\p18f14k50.asm
               EECON1bits   0x000fa6       data     extern E:\3.44\pic18-lt\cxx-framework\src\traditional\proc\p18f14k50.asm
                   EECON1   0x000fa6       data     extern E:\3.44\pic18-lt\cxx-framework\src\traditional\proc\p18f14k50.asm
                   EECON2   0x000fa7       data     extern E:\3.44\pic18-lt\cxx-framework\src\traditional\proc\p18f14k50.asm
                   EEDATA   0x000fa8       data     extern E:\3.44\pic18-lt\cxx-framework\src\traditional\proc\p18f14k50.asm
                EEADRbits   0x000fa9       data     extern E:\3.44\pic18-lt\cxx-framework\src\traditional\proc\p18f14k50.asm
                    EEADR   0x000fa9       data     extern E:\3.44\pic18-lt\cxx-framework\src\traditional\proc\p18f14k50.asm
                RCSTAbits   0x000fab       data     extern E:\3.44\pic18-lt\cxx-framework\src\traditional\proc\p18f14k50.asm
                    RCSTA   0x000fab       data     extern E:\3.44\pic18-lt\cxx-framework\src\traditional\proc\p18f14k50.asm
                TXSTAbits   0x000fac       data     extern E:\3.44\pic18-lt\cxx-framework\src\traditional\proc\p18f14k50.asm
                    TXSTA   0x000fac       data     extern E:\3.44\pic18-lt\cxx-framework\src\traditional\proc\p18f14k50.asm
                    TXREG   0x000fad       data     extern E:\3.44\pic18-lt\cxx-framework\src\traditional\proc\p18f14k50.asm
                    RCREG   0x000fae       data     extern E:\3.44\pic18-lt\cxx-framework\src\traditional\proc\p18f14k50.asm
                    SPBRG   0x000faf       data     extern E:\3.44\pic18-lt\cxx-framework\src\traditional\proc\p18f14k50.asm
                   SPBRGH   0x000fb0       data     extern E:\3.44\pic18-lt\cxx-framework\src\traditional\proc\p18f14k50.asm
                    T3CON   0x000fb1       data     extern E:\3.44\pic18-lt\cxx-framework\src\traditional\proc\p18f14k50.asm
                T3CONbits   0x000fb1       data     extern E:\3.44\pic18-lt\cxx-framework\src\traditional\proc\p18f14k50.asm
                    TMR3L   0x000fb2       data     extern E:\3.44\pic18-lt\cxx-framework\src\traditional\proc\p18f14k50.asm
                    TMR3H   0x000fb3       data     extern E:\3.44\pic18-lt\cxx-framework\src\traditional\proc\p18f14k50.asm
                  ECCP1AS   0x000fb6       data     extern E:\3.44\pic18-lt\cxx-framework\src\traditional\proc\p18f14k50.asm
              ECCP1ASbits   0x000fb6       data     extern E:\3.44\pic18-lt\cxx-framework\src\traditional\proc\p18f14k50.asm
              PWM1CONbits   0x000fb7       data     extern E:\3.44\pic18-lt\cxx-framework\src\traditional\proc\p18f14k50.asm
                  PWM1CON   0x000fb7       data     extern E:\3.44\pic18-lt\cxx-framework\src\traditional\proc\p18f14k50.asm
              BAUDCONbits   0x000fb8       data     extern E:\3.44\pic18-lt\cxx-framework\src\traditional\proc\p18f14k50.asm
                  BAUDCON   0x000fb8       data     extern E:\3.44\pic18-lt\cxx-framework\src\traditional\proc\p18f14k50.asm
              BAUDCTLbits   0x000fb8       data     extern E:\3.44\pic18-lt\cxx-framework\src\traditional\proc\p18f14k50.asm
                  BAUDCTL   0x000fb8       data     extern E:\3.44\pic18-lt\cxx-framework\src\traditional\proc\p18f14k50.asm
              PSTRCONbits   0x000fb9       data     extern E:\3.44\pic18-lt\cxx-framework\src\traditional\proc\p18f14k50.asm
                  PSTRCON   0x000fb9       data     extern E:\3.44\pic18-lt\cxx-framework\src\traditional\proc\p18f14k50.asm
                  REFCON0   0x000fba       data     extern E:\3.44\pic18-lt\cxx-framework\src\traditional\proc\p18f14k50.asm
              REFCON0bits   0x000fba       data     extern E:\3.44\pic18-lt\cxx-framework\src\traditional\proc\p18f14k50.asm
             VREFCON0bits   0x000fba       data     extern E:\3.44\pic18-lt\cxx-framework\src\traditional\proc\p18f14k50.asm
                 VREFCON0   0x000fba       data     extern E:\3.44\pic18-lt\cxx-framework\src\traditional\proc\p18f14k50.asm
                 VREFCON1   0x000fbb       data     extern E:\3.44\pic18-lt\cxx-framework\src\traditional\proc\p18f14k50.asm
                  REFCON1   0x000fbb       data     extern E:\3.44\pic18-lt\cxx-framework\src\traditional\proc\p18f14k50.asm
              REFCON1bits   0x000fbb       data     extern E:\3.44\pic18-lt\cxx-framework\src\traditional\proc\p18f14k50.asm
             VREFCON1bits   0x000fbb       data     extern E:\3.44\pic18-lt\cxx-framework\src\traditional\proc\p18f14k50.asm
                 VREFCON2   0x000fbc       data     extern E:\3.44\pic18-lt\cxx-framework\src\traditional\proc\p18f14k50.asm
             VREFCON2bits   0x000fbc       data     extern E:\3.44\pic18-lt\cxx-framework\src\traditional\proc\p18f14k50.asm
              REFCON2bits   0x000fbc       data     extern E:\3.44\pic18-lt\cxx-framework\src\traditional\proc\p18f14k50.asm
                  REFCON2   0x000fbc       data     extern E:\3.44\pic18-lt\cxx-framework\src\traditional\proc\p18f14k50.asm
                  CCP1CON   0x000fbd       data     extern E:\3.44\pic18-lt\cxx-framework\src\traditional\proc\p18f14k50.asm
              CCP1CONbits   0x000fbd       data     extern E:\3.44\pic18-lt\cxx-framework\src\traditional\proc\p18f14k50.asm
                    CCPR1   0x000fbe       data     extern E:\3.44\pic18-lt\cxx-framework\src\traditional\proc\p18f14k50.asm
                   CCPR1L   0x000fbe       data     extern E:\3.44\pic18-lt\cxx-framework\src\traditional\proc\p18f14k50.asm
                   CCPR1H   0x000fbf       data     extern E:\3.44\pic18-lt\cxx-framework\src\traditional\proc\p18f14k50.asm
                   ADCON2   0x000fc0       data     extern E:\3.44\pic18-lt\cxx-framework\src\traditional\proc\p18f14k50.asm
               ADCON2bits   0x000fc0       data     extern E:\3.44\pic18-lt\cxx-framework\src\traditional\proc\p18f14k50.asm
               ADCON1bits   0x000fc1       data     extern E:\3.44\pic18-lt\cxx-framework\src\traditional\proc\p18f14k50.asm
                   ADCON1   0x000fc1       data     extern E:\3.44\pic18-lt\cxx-framework\src\traditional\proc\p18f14k50.asm
                   ADCON0   0x000fc2       data     extern E:\3.44\pic18-lt\cxx-framework\src\traditional\proc\p18f14k50.asm
               ADCON0bits   0x000fc2       data     extern E:\3.44\pic18-lt\cxx-framework\src\traditional\proc\p18f14k50.asm
                   ADRESL   0x000fc3       data     extern E:\3.44\pic18-lt\cxx-framework\src\traditional\proc\p18f14k50.asm
                    ADRES   0x000fc3       data     extern E:\3.44\pic18-lt\cxx-framework\src\traditional\proc\p18f14k50.asm
                   ADRESH   0x000fc4       data     extern E:\3.44\pic18-lt\cxx-framework\src\traditional\proc\p18f14k50.asm
              SSPCON2bits   0x000fc5       data     extern E:\3.44\pic18-lt\cxx-framework\src\traditional\proc\p18f14k50.asm
                  SSPCON2   0x000fc5       data     extern E:\3.44\pic18-lt\cxx-framework\src\traditional\proc\p18f14k50.asm
              SSPCON1bits   0x000fc6       data     extern E:\3.44\pic18-lt\cxx-framework\src\traditional\proc\p18f14k50.asm
                  SSPCON1   0x000fc6       data     extern E:\3.44\pic18-lt\cxx-framework\src\traditional\proc\p18f14k50.asm
                  SSPSTAT   0x000fc7       data     extern E:\3.44\pic18-lt\cxx-framework\src\traditional\proc\p18f14k50.asm
              SSPSTATbits   0x000fc7       data     extern E:\3.44\pic18-lt\cxx-framework\src\traditional\proc\p18f14k50.asm
                   SSPADD   0x000fc8       data     extern E:\3.44\pic18-lt\cxx-framework\src\traditional\proc\p18f14k50.asm
                   SSPBUF   0x000fc9       data     extern E:\3.44\pic18-lt\cxx-framework\src\traditional\proc\p18f14k50.asm
                    T2CON   0x000fca       data     extern E:\3.44\pic18-lt\cxx-framework\src\traditional\proc\p18f14k50.asm
                T2CONbits   0x000fca       data     extern E:\3.44\pic18-lt\cxx-framework\src\traditional\proc\p18f14k50.asm
                      PR2   0x000fcb       data     extern E:\3.44\pic18-lt\cxx-framework\src\traditional\proc\p18f14k50.asm
                     TMR2   0x000fcc       data     extern E:\3.44\pic18-lt\cxx-framework\src\traditional\proc\p18f14k50.asm
                T1CONbits   0x000fcd       data     extern E:\3.44\pic18-lt\cxx-framework\src\traditional\proc\p18f14k50.asm
                    T1CON   0x000fcd       data     extern E:\3.44\pic18-lt\cxx-framework\src\traditional\proc\p18f14k50.asm
                    TMR1L   0x000fce       data     extern E:\3.44\pic18-lt\cxx-framework\src\traditional\proc\p18f14k50.asm
                    TMR1H   0x000fcf       data     extern E:\3.44\pic18-lt\cxx-framework\src\traditional\proc\p18f14k50.asm
                 RCONbits   0x000fd0       data     extern E:\3.44\pic18-lt\cxx-framework\src\traditional\proc\p18f14k50.asm
                     RCON   0x000fd0       data     extern E:\3.44\pic18-lt\cxx-framework\src\traditional\proc\p18f14k50.asm
               WDTCONbits   0x000fd1       data     extern E:\3.44\pic18-lt\cxx-framework\src\traditional\proc\p18f14k50.asm
                   WDTCON   0x000fd1       data     extern E:\3.44\pic18-lt\cxx-framework\src\traditional\proc\p18f14k50.asm
              OSCCON2bits   0x000fd2       data     extern E:\3.44\pic18-lt\cxx-framework\src\traditional\proc\p18f14k50.asm
                  OSCCON2   0x000fd2       data     extern E:\3.44\pic18-lt\cxx-framework\src\traditional\proc\p18f14k50.asm
               OSCCONbits   0x000fd3       data     extern E:\3.44\pic18-lt\cxx-framework\src\traditional\proc\p18f14k50.asm
                   OSCCON   0x000fd3       data     extern E:\3.44\pic18-lt\cxx-framework\src\traditional\proc\p18f14k50.asm
                    T0CON   0x000fd5       data     extern E:\3.44\pic18-lt\cxx-framework\src\traditional\proc\p18f14k50.asm
                T0CONbits   0x000fd5       data     extern E:\3.44\pic18-lt\cxx-framework\src\traditional\proc\p18f14k50.asm
                    TMR0L   0x000fd6       data     extern E:\3.44\pic18-lt\cxx-framework\src\traditional\proc\p18f14k50.asm
                    TMR0H   0x000fd7       data     extern E:\3.44\pic18-lt\cxx-framework\src\traditional\proc\p18f14k50.asm
               STATUSbits   0x000fd8       data     extern E:\3.44\pic18-lt\cxx-framework\src\traditional\proc\p18f14k50.asm
                   STATUS   0x000fd8       data     extern E:\3.44\pic18-lt\cxx-framework\src\traditional\proc\p18f14k50.asm
                    FSR2L   0x000fd9       data     extern E:\3.44\pic18-lt\cxx-framework\src\traditional\proc\p18f14k50.asm
                     FSR2   0x000fd9       data     extern E:\3.44\pic18-lt\cxx-framework\src\traditional\proc\p18f14k50.asm
                    FSR2H   0x000fda       data     extern E:\3.44\pic18-lt\cxx-framework\src\traditional\proc\p18f14k50.asm
                   PLUSW2   0x000fdb       data     extern E:\3.44\pic18-lt\cxx-framework\src\traditional\proc\p18f14k50.asm
                  PREINC2   0x000fdc       data     extern E:\3.44\pic18-lt\cxx-framework\src\traditional\proc\p18f14k50.asm
                 POSTDEC2   0x000fdd       data     extern E:\3.44\pic18-lt\cxx-framework\src\traditional\proc\p18f14k50.asm
                 POSTINC2   0x000fde       data     extern E:\3.44\pic18-lt\cxx-framework\src\traditional\proc\p18f14k50.asm
                    INDF2   0x000fdf       data     extern E:\3.44\pic18-lt\cxx-framework\src\traditional\proc\p18f14k50.asm
                      BSR   0x000fe0       data     extern E:\3.44\pic18-lt\cxx-framework\src\traditional\proc\p18f14k50.asm
                     FSR1   0x000fe1       data     extern E:\3.44\pic18-lt\cxx-framework\src\traditional\proc\p18f14k50.asm
                    FSR1L   0x000fe1       data     extern E:\3.44\pic18-lt\cxx-framework\src\traditional\proc\p18f14k50.asm
                    FSR1H   0x000fe2       data     extern E:\3.44\pic18-lt\cxx-framework\src\traditional\proc\p18f14k50.asm
                   PLUSW1   0x000fe3       data     extern E:\3.44\pic18-lt\cxx-framework\src\traditional\proc\p18f14k50.asm
                  PREINC1   0x000fe4       data     extern E:\3.44\pic18-lt\cxx-framework\src\traditional\proc\p18f14k50.asm
                 POSTDEC1   0x000fe5       data     extern E:\3.44\pic18-lt\cxx-framework\src\traditional\proc\p18f14k50.asm
                 POSTINC1   0x000fe6       data     extern E:\3.44\pic18-lt\cxx-framework\src\traditional\proc\p18f14k50.asm
                    INDF1   0x000fe7       data     extern E:\3.44\pic18-lt\cxx-framework\src\traditional\proc\p18f14k50.asm
                        W   0x000fe8       data     extern E:\3.44\pic18-lt\cxx-framework\src\traditional\proc\p18f14k50.asm
                     WREG   0x000fe8       data     extern E:\3.44\pic18-lt\cxx-framework\src\traditional\proc\p18f14k50.asm
                    FSR0L   0x000fe9       data     extern E:\3.44\pic18-lt\cxx-framework\src\traditional\proc\p18f14k50.asm
                     FSR0   0x000fe9       data     extern E:\3.44\pic18-lt\cxx-framework\src\traditional\proc\p18f14k50.asm
                    FSR0H   0x000fea       data     extern E:\3.44\pic18-lt\cxx-framework\src\traditional\proc\p18f14k50.asm
                   PLUSW0   0x000feb       data     extern E:\3.44\pic18-lt\cxx-framework\src\traditional\proc\p18f14k50.asm
                  PREINC0   0x000fec       data     extern E:\3.44\pic18-lt\cxx-framework\src\traditional\proc\p18f14k50.asm
                 POSTDEC0   0x000fed       data     extern E:\3.44\pic18-lt\cxx-framework\src\traditional\proc\p18f14k50.asm
                 POSTINC0   0x000fee       data     extern E:\3.44\pic18-lt\cxx-framework\src\traditional\proc\p18f14k50.asm
                    INDF0   0x000fef       data     extern E:\3.44\pic18-lt\cxx-framework\src\traditional\proc\p18f14k50.asm
                  INTCON3   0x000ff0       data     extern E:\3.44\pic18-lt\cxx-framework\src\traditional\proc\p18f14k50.asm
              INTCON3bits   0x000ff0       data     extern E:\3.44\pic18-lt\cxx-framework\src\traditional\proc\p18f14k50.asm
                  INTCON2   0x000ff1       data     extern E:\3.44\pic18-lt\cxx-framework\src\traditional\proc\p18f14k50.asm
              INTCON2bits   0x000ff1       data     extern E:\3.44\pic18-lt\cxx-framework\src\traditional\proc\p18f14k50.asm
                   INTCON   0x000ff2       data     extern E:\3.44\pic18-lt\cxx-framework\src\traditional\proc\p18f14k50.asm
               INTCONbits   0x000ff2       data     extern E:\3.44\pic18-lt\cxx-framework\src\traditional\proc\p18f14k50.asm
                     PROD   0x000ff3       data     extern E:\3.44\pic18-lt\cxx-framework\src\traditional\proc\p18f14k50.asm
                    PRODL   0x000ff3       data     extern E:\3.44\pic18-lt\cxx-framework\src\traditional\proc\p18f14k50.asm
                    PRODH   0x000ff4       data     extern E:\3.44\pic18-lt\cxx-framework\src\traditional\proc\p18f14k50.asm
                   TABLAT   0x000ff5       data     extern E:\3.44\pic18-lt\cxx-framework\src\traditional\proc\p18f14k50.asm
                  TBLPTRL   0x000ff6       data     extern E:\3.44\pic18-lt\cxx-framework\src\traditional\proc\p18f14k50.asm
                   TBLPTR   0x000ff6       data     extern E:\3.44\pic18-lt\cxx-framework\src\traditional\proc\p18f14k50.asm
                  TBLPTRH   0x000ff7       data     extern E:\3.44\pic18-lt\cxx-framework\src\traditional\proc\p18f14k50.asm
                  TBLPTRU   0x000ff8       data     extern E:\3.44\pic18-lt\cxx-framework\src\traditional\proc\p18f14k50.asm
                      PCL   0x000ff9       data     extern E:\3.44\pic18-lt\cxx-framework\src\traditional\proc\p18f14k50.asm
                       PC   0x000ff9       data     extern E:\3.44\pic18-lt\cxx-framework\src\traditional\proc\p18f14k50.asm
                   PCLATH   0x000ffa       data     extern E:\3.44\pic18-lt\cxx-framework\src\traditional\proc\p18f14k50.asm
                   PCLATU   0x000ffb       data     extern E:\3.44\pic18-lt\cxx-framework\src\traditional\proc\p18f14k50.asm
               STKPTRbits   0x000ffc       data     extern E:\3.44\pic18-lt\cxx-framework\src\traditional\proc\p18f14k50.asm
                   STKPTR   0x000ffc       data     extern E:\3.44\pic18-lt\cxx-framework\src\traditional\proc\p18f14k50.asm
                      TOS   0x000ffd       data     extern E:\3.44\pic18-lt\cxx-framework\src\traditional\proc\p18f14k50.asm
                     TOSL   0x000ffd       data     extern E:\3.44\pic18-lt\cxx-framework\src\traditional\proc\p18f14k50.asm
                     TOSH   0x000ffe       data     extern E:\3.44\pic18-lt\cxx-framework\src\traditional\proc\p18f14k50.asm
                     TOSU   0x000fff       data     extern E:\3.44\pic18-lt\cxx-framework\src\traditional\proc\p18f14k50.asm


